./src/babylon/proto/babylon/epoching/v1/query.proto
./src/babylon/proto/babylon/epoching/v1/epoching.proto
./src/babylon/proto/babylon/epoching/v1/params.proto
./src/babylon/proto/babylon/epoching/v1/tx.proto
./src/babylon/proto/babylon/epoching/v1/genesis.proto
./src/babylon/proto/babylon/epoching/v1/events.proto
./src/babylon/proto/babylon/finality/v1/query.proto
./src/babylon/proto/babylon/finality/v1/params.proto
./src/babylon/proto/babylon/finality/v1/tx.proto
./src/babylon/proto/babylon/finality/v1/genesis.proto
./src/babylon/proto/babylon/finality/v1/finality.proto
./src/babylon/proto/babylon/finality/v1/events.proto
./src/babylon/proto/babylon/btclightclient/v1/query.proto
./src/babylon/proto/babylon/btclightclient/v1/params.proto
./src/babylon/proto/babylon/btclightclient/v1/tx.proto
./src/babylon/proto/babylon/btclightclient/v1/event.proto
./src/babylon/proto/babylon/btclightclient/v1/genesis.proto
./src/babylon/proto/babylon/btclightclient/v1/btclightclient.proto
./src/babylon/proto/babylon/btccheckpoint/v1/query.proto
./src/babylon/proto/babylon/btccheckpoint/v1/btccheckpoint.proto
./src/babylon/proto/babylon/btccheckpoint/v1/params.proto
./src/babylon/proto/babylon/btccheckpoint/v1/tx.proto
./src/babylon/proto/babylon/btccheckpoint/v1/genesis.proto
./src/babylon/proto/babylon/btcstaking/v1/query.proto
./src/babylon/proto/babylon/btcstaking/v1/incentive.proto
./src/babylon/proto/babylon/btcstaking/v1/params.proto
./src/babylon/proto/babylon/btcstaking/v1/btcstaking.proto
./src/babylon/proto/babylon/btcstaking/v1/tx.proto
./src/babylon/proto/babylon/btcstaking/v1/genesis.proto
./src/babylon/proto/babylon/btcstaking/v1/pop.proto
./src/babylon/proto/babylon/btcstaking/v1/events.proto
./src/babylon/proto/babylon/checkpointing/v1/query.proto
./src/babylon/proto/babylon/checkpointing/v1/tx.proto
./src/babylon/proto/babylon/checkpointing/v1/checkpoint.proto
./src/babylon/proto/babylon/checkpointing/v1/genesis.proto
./src/babylon/proto/babylon/checkpointing/v1/events.proto
./src/babylon/proto/babylon/checkpointing/v1/bls_key.proto
./src/babylon/proto/babylon/zoneconcierge/v1/query.proto
./src/babylon/proto/babylon/zoneconcierge/v1/params.proto
./src/babylon/proto/babylon/zoneconcierge/v1/packet.proto
./src/babylon/proto/babylon/zoneconcierge/v1/tx.proto
./src/babylon/proto/babylon/zoneconcierge/v1/genesis.proto
./src/babylon/proto/babylon/zoneconcierge/v1/zoneconcierge.proto
./src/babylon/proto/babylon/monitor/v1/query.proto
./src/babylon/proto/babylon/monitor/v1/genesis.proto
./src/babylon/proto/babylon/incentive/query.proto
./src/babylon/proto/babylon/incentive/incentive.proto
./src/babylon/proto/babylon/incentive/params.proto
./src/babylon/proto/babylon/incentive/tx.proto
./src/babylon/proto/babylon/incentive/genesis.proto
./src/babylon/proto/gen/babylon.zoneconcierge.v1.rs
./src/babylon/proto/gen/babylon.btccheckpoint.v1.rs
./src/babylon/proto/gen/babylon.btcstaking.v1.rs
./src/babylon/proto/gen/babylon.epoching.v1.rs
./src/babylon/proto/gen/babylon.finality.v1.rs
./src/babylon/proto/gen/babylon.incentive.rs
./src/babylon/proto/gen/babylon.btclightclient.v1.rs
./src/babylon/proto/gen/babylon.monitor.v1.rs
./src/babylon/proto/gen/babylon.checkpointing.v1.rs
./build.rs
