{
  "name": "nomic",
  "version": "9.2.0",
  "features": {
    "alloy-contract": [
      "dep:alloy-contract"
    ],
    "alloy-core": [
      "dep:alloy-core"
    ],
    "alloy-primitives": [
      "dep:alloy-primitives"
    ],
    "alloy-provider": [
      "dep:alloy-provider"
    ],
    "alloy-rlp": [
      "dep:alloy-rlp"
    ],
    "alloy-rpc-types": [
      "dep:alloy-rpc-types"
    ],
    "alloy-rpc-types-eth": [
      "dep:alloy-rpc-types-eth"
    ],
    "alloy-signer-local": [
      "dep:alloy-signer-local"
    ],
    "alloy-sol-types": [
      "dep:alloy-sol-types"
    ],
    "alloy-transport": [
      "dep:alloy-transport"
    ],
    "alloy-trie": [
      "dep:alloy-trie"
    ],
    "babylon": [
      "frost"
    ],
    "bitcoincore-rpc-async": [
      "dep:bitcoincore-rpc-async"
    ],
    "clap": [
      "dep:clap"
    ],
    "cosmos-sdk-proto": [
      "dep:cosmos-sdk-proto"
    ],
    "csv": [
      "dep:csv"
    ],
    "default": [
      "full",
      "testnet"
    ],
    "devnet": [],
    "ethereum": [
      "alloy-core",
      "alloy-core/dyn-abi",
      "alloy-core/json-abi",
      "alloy-sol-types",
      "alloy-primitives",
      "alloy-trie",
      "ethereum-triedb",
      "alloy-rlp",
      "primitive-types",
      "ethereum_ssz",
      "ssz_types",
      "tree_hash",
      "rlp",
      "rlp-derive",
      "trie-db",
      "ruint",
      "helios-consensus-core",
      "alloy-rpc-types-eth"
    ],
    "ethereum-full": [
      "ethereum",
      "alloy-contract",
      "alloy-provider",
      "alloy-rpc-types",
      "alloy-transport",
      "alloy-provider/anvil-node",
      "alloy-provider/rpc-api",
      "alloy-signer-local"
    ],
    "ethereum-triedb": [
      "dep:ethereum-triedb"
    ],
    "ethereum_ssz": [
      "dep:ethereum_ssz"
    ],
    "frost": [
      "frost-secp256k1-tr"
    ],
    "frost-secp256k1-tr": [
      "dep:frost-secp256k1-tr"
    ],
    "full": [
      "bitcoincore-rpc-async",
      "clap",
      "tokio",
      "orga/merk-full",
      "orga/abci",
      "orga/state-sync",
      "csv",
      "warp",
      "rand",
      "reqwest",
      "tendermint-rpc",
      "cosmos-sdk-proto",
      "home"
    ],
    "helios-consensus-core": [
      "dep:helios-consensus-core"
    ],
    "hex-literal": [
      "dep:hex-literal"
    ],
    "home": [
      "dep:home"
    ],
    "legacy-bin": [],
    "primitive-types": [
      "dep:primitive-types"
    ],
    "rand": [
      "dep:rand"
    ],
    "reqwest": [
      "dep:reqwest"
    ],
    "rlp": [
      "dep:rlp"
    ],
    "rlp-derive": [
      "dep:rlp-derive"
    ],
    "ruint": [
      "dep:ruint"
    ],
    "signet": [],
    "ssz_types": [
      "dep:ssz_types"
    ],
    "tendermint-rpc": [
      "dep:tendermint-rpc"
    ],
    "testnet": [],
    "tokio": [
      "dep:tokio"
    ],
    "tree_hash": [
      "dep:tree_hash"
    ],
    "trie-db": [
      "dep:trie-db"
    ],
    "warp": [
      "dep:warp"
    ]
  },
  "dependencies": [
    {
      "name": "alloy-contract",
      "source": "registry+https://github.com/rust-lang/crates.io-index",
      "req": "^0.3.6",
      "kind": null,
      "rename": null,
      "optional": true,
      "uses_default_features": true,
      "features": [],
      "target": null,
      "registry": null
    },
    {
      "name": "alloy-core",
      "source": "registry+https://github.com/rust-lang/crates.io-index",
      "req": "^0.8.5",
      "kind": null,
      "rename": null,
      "optional": true,
      "uses_default_features": true,
      "features": [],
      "target": null,
      "registry": null
    },
    {
      "name": "alloy-primitives",
      "source": "registry+https://github.com/rust-lang/crates.io-index",
      "req": "^0.8.5",
      "kind": null,
      "rename": null,
      "optional": true,
      "uses_default_features": true,
      "features": [],
      "target": null,
      "registry": null
    },
    {
      "name": "alloy-provider",
      "source": "registry+https://github.com/rust-lang/crates.io-index",
      "req": "^0.3.6",
      "kind": null,
      "rename": null,
      "optional": true,
      "uses_default_features": true,
      "features": [],
      "target": null,
      "registry": null
    },
    {
      "name": "alloy-rlp",
      "source": "registry+https://github.com/rust-lang/crates.io-index",
      "req": "^0.3.8",
      "kind": null,
      "rename": null,
      "optional": true,
      "uses_default_features": true,
      "features": [],
      "target": null,
      "registry": null
    },
    {
      "name": "alloy-rpc-types",
      "source": "registry+https://github.com/rust-lang/crates.io-index",
      "req": "^0.3.6",
      "kind": null,
      "rename": null,
      "optional": true,
      "uses_default_features": true,
      "features": [],
      "target": null,
      "registry": null
    },
    {
      "name": "alloy-rpc-types-eth",
      "source": "registry+https://github.com/rust-lang/crates.io-index",
      "req": "^0.3.6",
      "kind": null,
      "rename": null,
      "optional": true,
      "uses_default_features": true,
      "features": [],
      "target": null,
      "registry": null
    },
    {
      "name": "alloy-signer-local",
      "source": "registry+https://github.com/rust-lang/crates.io-index",
      "req": "^0.3.6",
      "kind": null,
      "rename": null,
      "optional": true,
      "uses_default_features": true,
      "features": [],
      "target": null,
      "registry": null
    },
    {
      "name": "alloy-sol-types",
      "source": "registry+https://github.com/rust-lang/crates.io-index",
      "req": "^0.8.5",
      "kind": null,
      "rename": null,
      "optional": true,
      "uses_default_features": true,
      "features": [],
      "target": null,
      "registry": null
    },
    {
      "name": "alloy-transport",
      "source": "registry+https://github.com/rust-lang/crates.io-index",
      "req": "^0.3.6",
      "kind": null,
      "rename": null,
      "optional": true,
      "uses_default_features": true,
      "features": [],
      "target": null,
      "registry": null
    },
    {
      "name": "alloy-trie",
      "source": "registry+https://github.com/rust-lang/crates.io-index",
      "req": "^0.6.0",
      "kind": null,
      "rename": null,
      "optional": true,
      "uses_default_features": true,
      "features": [],
      "target": null,
      "registry": null
    },
    {
      "name": "base64",
      "source": "registry+https://github.com/rust-lang/crates.io-index",
      "req": "^0.13.0",
      "kind": null,
      "rename": null,
      "optional": false,
      "uses_default_features": true,
      "features": [],
      "target": null,
      "registry": null
    },
    {
      "name": "bech32",
      "source": "registry+https://github.com/rust-lang/crates.io-index",
      "req": "^0.9.1",
      "kind": null,
      "rename": null,
      "optional": false,
      "uses_default_features": true,
      "features": [],
      "target": null,
      "registry": null
    },
    {
      "name": "bitcoin",
      "source": "registry+https://github.com/rust-lang/crates.io-index",
      "req": "^0.29.2",
      "kind": null,
      "rename": null,
      "optional": false,
      "uses_default_features": true,
      "features": [
        "serde",
        "rand"
      ],
      "target": null,
      "registry": null
    },
    {
      "name": "bitcoin-script",
      "source": "registry+https://github.com/rust-lang/crates.io-index",
      "req": "^0.1.1",
      "kind": null,
      "rename": null,
      "optional": false,
      "uses_default_features": true,
      "features": [],
      "target": null,
      "registry": null
    },
    {
      "name": "bitcoincore-rpc-async2",
      "source": "registry+https://github.com/rust-lang/crates.io-index",
      "req": "^4.0.2",
      "kind": null,
      "rename": "bitcoincore-rpc-async",
      "optional": true,
      "uses_default_features": true,
      "features": [],
      "target": null,
      "registry": null
    },
    {
      "name": "bytes",
      "source": "registry+https://github.com/rust-lang/crates.io-index",
      "req": "^1.2.1",
      "kind": null,
      "rename": null,
      "optional": false,
      "uses_default_features": true,
      "features": [],
      "target": null,
      "registry": null
    },
    {
      "name": "chrono",
      "source": "registry+https://github.com/rust-lang/crates.io-index",
      "req": "^0.4.19",
      "kind": null,
      "rename": null,
      "optional": false,
      "uses_default_features": true,
      "features": [],
      "target": null,
      "registry": null
    },
    {
      "name": "clap",
      "source": "registry+https://github.com/rust-lang/crates.io-index",
      "req": "^3.2.16",
      "kind": null,
      "rename": null,
      "optional": true,
      "uses_default_features": true,
      "features": [
        "derive"
      ],
      "target": null,
      "registry": null
    },
    {
      "name": "cosmos-sdk-proto",
      "source": "registry+https://github.com/rust-lang/crates.io-index",
      "req": "^0.23.0",
      "kind": null,
      "rename": null,
      "optional": true,
      "uses_default_features": true,
      "features": [],
      "target": null,
      "registry": null
    },
    {
      "name": "cosmrs",
      "source": "registry+https://github.com/rust-lang/crates.io-index",
      "req": "^0.14.0",
      "kind": null,
      "rename": null,
      "optional": false,
      "uses_default_features": true,
      "features": [],
      "target": null,
      "registry": null
    },
    {
      "name": "csv",
      "source": "registry+https://github.com/rust-lang/crates.io-index",
      "req": "^1.1.6",
      "kind": null,
      "rename": null,
      "optional": true,
      "uses_default_features": true,
      "features": [],
      "target": null,
      "registry": null
    },
    {
      "name": "derive_more",
      "source": "registry+https://github.com/rust-lang/crates.io-index",
      "req": "^0.99.17",
      "kind": null,
      "rename": null,
      "optional": false,
      "uses_default_features": true,
      "features": [],
      "target": null,
      "registry": null
    },
    {
      "name": "ed",
      "source": "git+https://github.com/nomic-io/ed?rev=a657be856792039ff60c2f67e7920e38cd3acffc",
      "req": "*",
      "kind": null,
      "rename": null,
      "optional": false,
      "uses_default_features": true,
      "features": [],
      "target": null,
      "registry": null
    },
    {
      "name": "ethereum-triedb",
      "source": "registry+https://github.com/rust-lang/crates.io-index",
      "req": "^0.1.1",
      "kind": null,
      "rename": null,
      "optional": true,
      "uses_default_features": true,
      "features": [],
      "target": null,
      "registry": null
    },
    {
      "name": "ethereum_ssz",
      "source": "registry+https://github.com/rust-lang/crates.io-index",
      "req": "^0.6.0",
      "kind": null,
      "rename": null,
      "optional": true,
      "uses_default_features": true,
      "features": [],
      "target": null,
      "registry": null
    },
    {
      "name": "frost-secp256k1-tr",
      "source": "git+https://github.com/ZcashFoundation/frost?rev=51fa7d09f3742563a35d065afcff6ad486430dac",
      "req": "*",
      "kind": null,
      "rename": null,
      "optional": true,
      "uses_default_features": true,
      "features": [
        "nightly"
      ],
      "target": null,
      "registry": null
    },
    {
      "name": "futures",
      "source": "registry+https://github.com/rust-lang/crates.io-index",
      "req": "^0.3.21",
      "kind": null,
      "rename": null,
      "optional": false,
      "uses_default_features": true,
      "features": [],
      "target": null,
      "registry": null
    },
    {
      "name": "consensus-core",
      "source": "git+https://github.com/a16z/helios.git?rev=0.7.0",
      "req": "*",
      "kind": null,
      "rename": "helios-consensus-core",
      "optional": true,
      "uses_default_features": true,
      "features": [],
      "target": null,
      "registry": null
    },
    {
      "name": "hex",
      "source": "registry+https://github.com/rust-lang/crates.io-index",
      "req": "^0.4.3",
      "kind": null,
      "rename": null,
      "optional": false,
      "uses_default_features": true,
      "features": [],
      "target": null,
      "registry": null
    },
    {
      "name": "hex-literal",
      "source": "registry+https://github.com/rust-lang/crates.io-index",
      "req": "^0.4.1",
      "kind": null,
      "rename": null,
      "optional": true,
      "uses_default_features": true,
      "features": [],
      "target": null,
      "registry": null
    },
    {
      "name": "home",
      "source": "registry+https://github.com/rust-lang/crates.io-index",
      "req": "^0.5.5",
      "kind": null,
      "rename": null,
      "optional": true,
      "uses_default_features": true,
      "features": [],
      "target": null,
      "registry": null
    },
    {
      "name": "ics23",
      "source": "registry+https://github.com/rust-lang/crates.io-index",
      "req": "^0.12.0",
      "kind": null,
      "rename": null,
      "optional": false,
      "uses_default_features": true,
      "features": [],
      "target": null,
      "registry": null
    },
    {
      "name": "js-sys",
      "source": "registry+https://github.com/rust-lang/crates.io-index",
      "req": "^0.3.55",
      "kind": null,
      "rename": null,
      "optional": false,
      "uses_default_features": true,
      "features": [],
      "target": null,
      "registry": null
    },
    {
      "name": "lazy_static",
      "source": "registry+https://github.com/rust-lang/crates.io-index",
      "req": "^1.4.0",
      "kind": null,
      "rename": null,
      "optional": false,
      "uses_default_features": true,
      "features": [],
      "target": null,
      "registry": null
    },
    {
      "name": "log",
      "source": "registry+https://github.com/rust-lang/crates.io-index",
      "req": "^0.4.17",
      "kind": null,
      "rename": null,
      "optional": false,
      "uses_default_features": true,
      "features": [],
      "target": null,
      "registry": null
    },
    {
      "name": "orga",
      "source": "git+https://github.com/nomic-io/orga.git?rev=3b3d25ade40d81cb64f19335535e3a47bb47778f",
      "req": "*",
      "kind": null,
      "rename": null,
      "optional": false,
      "uses_default_features": true,
      "features": [
        "merk-verify",
        "feat-ibc"
      ],
      "target": null,
      "registry": null
    },
    {
      "name": "pretty_env_logger",
      "source": "git+https://github.com/seanmonstar/pretty-env-logger?rev=f9e35b6dbbf06de55222c944c9e1e176ce73b3a7",
      "req": "*",
      "kind": null,
      "rename": null,
      "optional": false,
      "uses_default_features": true,
      "features": [],
      "target": null,
      "registry": null
    },
    {
      "name": "primitive-types",
      "source": "registry+https://github.com/rust-lang/crates.io-index",
      "req": "^0.12",
      "kind": null,
      "rename": null,
      "optional": true,
      "uses_default_features": true,
      "features": [
        "rlp"
      ],
      "target": null,
      "registry": null
    },
    {
      "name": "prometheus_exporter",
      "source": "registry+https://github.com/rust-lang/crates.io-index",
      "req": "^0.8.5",
      "kind": null,
      "rename": null,
      "optional": false,
      "uses_default_features": true,
      "features": [],
      "target": null,
      "registry": null
    },
    {
      "name": "prost",
      "source": "registry+https://github.com/rust-lang/crates.io-index",
      "req": "^0.13.3",
      "kind": null,
      "rename": null,
      "optional": false,
      "uses_default_features": true,
      "features": [],
      "target": null,
      "registry": null
    },
    {
      "name": "rand",
      "source": "registry+https://github.com/rust-lang/crates.io-index",
      "req": "^0.8.5",
      "kind": null,
      "rename": null,
      "optional": true,
      "uses_default_features": true,
      "features": [],
      "target": null,
      "registry": null
    },
    {
      "name": "reqwest",
      "source": "registry+https://github.com/rust-lang/crates.io-index",
      "req": "^0.11.16",
      "kind": null,
      "rename": null,
      "optional": true,
      "uses_default_features": true,
      "features": [
        "json"
      ],
      "target": null,
      "registry": null
    },
    {
      "name": "ripemd",
      "source": "registry+https://github.com/rust-lang/crates.io-index",
      "req": "^0.1.3",
      "kind": null,
      "rename": null,
      "optional": false,
      "uses_default_features": true,
      "features": [],
      "target": null,
      "registry": null
    },
    {
      "name": "rlp",
      "source": "registry+https://github.com/rust-lang/crates.io-index",
      "req": "^0.5.1",
      "kind": null,
      "rename": null,
      "optional": true,
      "uses_default_features": true,
      "features": [],
      "target": null,
      "registry": null
    },
    {
      "name": "rlp-derive",
      "source": "registry+https://github.com/rust-lang/crates.io-index",
      "req": "^0.2.0",
      "kind": null,
      "rename": null,
      "optional": true,
      "uses_default_features": true,
      "features": [],
      "target": null,
      "registry": null
    },
    {
      "name": "ruint",
      "source": "registry+https://github.com/rust-lang/crates.io-index",
      "req": "^1.12.3",
      "kind": null,
      "rename": null,
      "optional": true,
      "uses_default_features": true,
      "features": [],
      "target": null,
      "registry": null
    },
    {
      "name": "semver",
      "source": "registry+https://github.com/rust-lang/crates.io-index",
      "req": "^1.0.18",
      "kind": null,
      "rename": null,
      "optional": false,
      "uses_default_features": true,
      "features": [],
      "target": null,
      "registry": null
    },
    {
      "name": "serde",
      "source": "registry+https://github.com/rust-lang/crates.io-index",
      "req": "^1.0.208",
      "kind": null,
      "rename": null,
      "optional": false,
      "uses_default_features": true,
      "features": [],
      "target": null,
      "registry": null
    },
    {
      "name": "serde-big-array",
      "source": "registry+https://github.com/rust-lang/crates.io-index",
      "req": "^0.4.1",
      "kind": null,
      "rename": null,
      "optional": false,
      "uses_default_features": true,
      "features": [],
      "target": null,
      "registry": null
    },
    {
      "name": "serde-hex",
      "source": "registry+https://github.com/rust-lang/crates.io-index",
      "req": "^0.1.0",
      "kind": null,
      "rename": null,
      "optional": false,
      "uses_default_features": true,
      "features": [],
      "target": null,
      "registry": null
    },
    {
      "name": "serde_json",
      "source": "registry+https://github.com/rust-lang/crates.io-index",
      "req": "^1.0.125",
      "kind": null,
      "rename": null,
      "optional": false,
      "uses_default_features": true,
      "features": [],
      "target": null,
      "registry": null
    },
    {
      "name": "sha2",
      "source": "registry+https://github.com/rust-lang/crates.io-index",
      "req": "^0.10.6",
      "kind": null,
      "rename": null,
      "optional": false,
      "uses_default_features": true,
      "features": [],
      "target": null,
      "registry": null
    },
    {
      "name": "split-iter",
      "source": "registry+https://github.com/rust-lang/crates.io-index",
      "req": "^0.1.0",
      "kind": null,
      "rename": null,
      "optional": false,
      "uses_default_features": true,
      "features": [],
      "target": null,
      "registry": null
    },
    {
      "name": "ssz_types",
      "source": "registry+https://github.com/rust-lang/crates.io-index",
      "req": "^0.7.0",
      "kind": null,
      "rename": null,
      "optional": true,
      "uses_default_features": true,
      "features": [],
      "target": null,
      "registry": null
    },
    {
      "name": "tempfile",
      "source": "registry+https://github.com/rust-lang/crates.io-index",
      "req": "^3",
      "kind": null,
      "rename": null,
      "optional": false,
      "uses_default_features": true,
      "features": [],
      "target": null,
      "registry": null
    },
    {
      "name": "tendermint-rpc",
      "source": "registry+https://github.com/rust-lang/crates.io-index",
      "req": "^0.38.0",
      "kind": null,
      "rename": null,
      "optional": true,
      "uses_default_features": true,
      "features": [
        "http-client"
      ],
      "target": null,
      "registry": null
    },
    {
      "name": "thiserror",
      "source": "registry+https://github.com/rust-lang/crates.io-index",
      "req": "^1.0.30",
      "kind": null,
      "rename": null,
      "optional": false,
      "uses_default_features": true,
      "features": [],
      "target": null,
      "registry": null
    },
    {
      "name": "tokio",
      "source": "registry+https://github.com/rust-lang/crates.io-index",
      "req": "^1.39.2",
      "kind": null,
      "rename": null,
      "optional": true,
      "uses_default_features": true,
      "features": [
        "full"
      ],
      "target": null,
      "registry": null
    },
    {
      "name": "toml",
      "source": "registry+https://github.com/rust-lang/crates.io-index",
      "req": "^0.7.2",
      "kind": null,
      "rename": null,
      "optional": false,
      "uses_default_features": true,
      "features": [
        "parse"
      ],
      "target": null,
      "registry": null
    },
    {
      "name": "toml_edit",
      "source": "registry+https://github.com/rust-lang/crates.io-index",
      "req": "^0.13.4",
      "kind": null,
      "rename": null,
      "optional": false,
      "uses_default_features": true,
      "features": [],
      "target": null,
      "registry": null
    },
    {
      "name": "tree_hash",
      "source": "registry+https://github.com/rust-lang/crates.io-index",
      "req": "^0.7.0",
      "kind": null,
      "rename": null,
      "optional": true,
      "uses_default_features": true,
      "features": [],
      "target": null,
      "registry": null
    },
    {
      "name": "trie-db",
      "source": "registry+https://github.com/rust-lang/crates.io-index",
      "req": "^0.28",
      "kind": null,
      "rename": null,
      "optional": true,
      "uses_default_features": true,
      "features": [],
      "target": null,
      "registry": null
    },
    {
      "name": "warp",
      "source": "registry+https://github.com/rust-lang/crates.io-index",
      "req": "^0.3.2",
      "kind": null,
      "rename": null,
      "optional": true,
      "uses_default_features": true,
      "features": [],
      "target": null,
      "registry": null
    },
    {
      "name": "alloy-node-bindings",
      "source": "registry+https://github.com/rust-lang/crates.io-index",
      "req": "^0.3.6",
      "kind": "dev",
      "rename": null,
      "optional": false,
      "uses_default_features": true,
      "features": [],
      "target": null,
      "registry": null
    },
    {
      "name": "bitcoin_hashes",
      "source": "registry+https://github.com/rust-lang/crates.io-index",
      "req": "^0.11.0",
      "kind": "dev",
      "rename": null,
      "optional": false,
      "uses_default_features": true,
      "features": [],
      "target": null,
      "registry": null
    },
    {
      "name": "bitcoind",
      "source": "registry+https://github.com/rust-lang/crates.io-index",
      "req": "^0.27.0",
      "kind": "dev",
      "rename": null,
      "optional": false,
      "uses_default_features": true,
      "features": [
        "22_0"
      ],
      "target": null,
      "registry": null
    },
    {
      "name": "chrono",
      "source": "registry+https://github.com/rust-lang/crates.io-index",
      "req": "^0.4.19",
      "kind": "dev",
      "rename": null,
      "optional": false,
      "uses_default_features": true,
      "features": [],
      "target": null,
      "registry": null
    },
    {
      "name": "crossbeam-channel",
      "source": "registry+https://github.com/rust-lang/crates.io-index",
      "req": "^0.5.8",
      "kind": "dev",
      "rename": null,
      "optional": false,
      "uses_default_features": true,
      "features": [],
      "target": null,
      "registry": null
    },
    {
      "name": "curl",
      "source": "registry+https://github.com/rust-lang/crates.io-index",
      "req": "^0.4.44",
      "kind": "dev",
      "rename": null,
      "optional": false,
      "uses_default_features": true,
      "features": [],
      "target": null,
      "registry": null
    },
    {
      "name": "mutagen",
      "source": "registry+https://github.com/rust-lang/crates.io-index",
      "req": "^0.1.2",
      "kind": "dev",
      "rename": null,
      "optional": false,
      "uses_default_features": true,
      "features": [],
      "target": null,
      "registry": null
    },
    {
      "name": "serde",
      "source": "registry+https://github.com/rust-lang/crates.io-index",
      "req": "^1.0.130",
      "kind": "dev",
      "rename": null,
      "optional": false,
      "uses_default_features": true,
      "features": [],
      "target": null,
      "registry": null
    },
    {
      "name": "serde_json",
      "source": "registry+https://github.com/rust-lang/crates.io-index",
      "req": "^1.0.68",
      "kind": "dev",
      "rename": null,
      "optional": false,
      "uses_default_features": true,
      "features": [],
      "target": null,
      "registry": null
    },
    {
      "name": "serial_test",
      "source": "registry+https://github.com/rust-lang/crates.io-index",
      "req": "^2.0.0",
      "kind": "dev",
      "rename": null,
      "optional": false,
      "uses_default_features": true,
      "features": [],
      "target": null,
      "registry": null
    },
    {
      "name": "tempfile",
      "source": "registry+https://github.com/rust-lang/crates.io-index",
      "req": "^3.12.0",
      "kind": "dev",
      "rename": null,
      "optional": false,
      "uses_default_features": true,
      "features": [],
      "target": null,
      "registry": null
    },
    {
      "name": "urlencoding",
      "source": "registry+https://github.com/rust-lang/crates.io-index",
      "req": "^2.1.2",
      "kind": "dev",
      "rename": null,
      "optional": false,
      "uses_default_features": true,
      "features": [],
      "target": null,
      "registry": null
    },
    {
      "name": "glob",
      "source": "registry+https://github.com/rust-lang/crates.io-index",
      "req": "^0.3.1",
      "kind": "build",
      "rename": null,
      "optional": false,
      "uses_default_features": true,
      "features": [],
      "target": null,
      "registry": null
    },
    {
      "name": "semver",
      "source": "registry+https://github.com/rust-lang/crates.io-index",
      "req": "^1.0.18",
      "kind": "build",
      "rename": null,
      "optional": false,
      "uses_default_features": true,
      "features": [],
      "target": null,
      "registry": null
    },
    {
      "name": "toml",
      "source": "registry+https://github.com/rust-lang/crates.io-index",
      "req": "^0.7.2",
      "kind": "build",
      "rename": null,
      "optional": false,
      "uses_default_features": true,
      "features": [
        "parse"
      ],
      "target": null,
      "registry": null
    }
  ],
  "targets": [
    {
      "kind": [
        "lib"
      ],
      "crate_types": [
        "lib"
      ],
      "name": "nomic",
      "src_path": "/home/nitro/repos/nomic/src/lib.rs",
      "edition": "2021",
      "doc": true,
      "doctest": true,
      "test": true
    },
    {
      "kind": [
        "bin"
      ],
      "crate_types": [
        "bin"
      ],
      "name": "create-checkpoint",
      "src_path": "/home/nitro/repos/nomic/src/bin/create-checkpoint.rs",
      "edition": "2021",
      "doc": true,
      "doctest": false,
      "test": true
    },
    {
      "kind": [
        "bin"
      ],
      "crate_types": [
        "bin"
      ],
      "name": "eth-bootstrap",
      "src_path": "/home/nitro/repos/nomic/src/bin/eth-bootstrap.rs",
      "edition": "2021",
      "required-features": [
        "ethereum-full"
      ],
      "doc": true,
      "doctest": false,
      "test": true
    },
    {
      "kind": [
        "bin"
      ],
      "crate_types": [
        "bin"
      ],
      "name": "get-reserve-scripts",
      "src_path": "/home/nitro/repos/nomic/src/bin/get-reserve-scripts.rs",
      "edition": "2021",
      "doc": true,
      "doctest": false,
      "test": true
    },
    {
      "kind": [
        "bin"
      ],
      "crate_types": [
        "bin"
      ],
      "name": "nomic",
      "src_path": "/home/nitro/repos/nomic/src/bin/nomic.rs",
      "edition": "2021",
      "doc": true,
      "doctest": false,
      "test": true
    },
    {
      "kind": [
        "test"
      ],
      "crate_types": [
        "bin"
      ],
      "name": "bitcoin",
      "src_path": "/home/nitro/repos/nomic/tests/bitcoin.rs",
      "edition": "2021",
      "required-features": [
        "devnet"
      ],
      "doc": false,
      "doctest": false,
      "test": true
    },
    {
      "kind": [
        "test"
      ],
      "crate_types": [
        "bin"
      ],
      "name": "header_queue",
      "src_path": "/home/nitro/repos/nomic/tests/header_queue.rs",
      "edition": "2021",
      "doc": false,
      "doctest": false,
      "test": true
    },
    {
      "kind": [
        "test"
      ],
      "crate_types": [
        "bin"
      ],
      "name": "ibc",
      "src_path": "/home/nitro/repos/nomic/tests/ibc.rs",
      "edition": "2021",
      "doc": false,
      "doctest": false,
      "test": true
    },
    {
      "kind": [
        "test"
      ],
      "crate_types": [
        "bin"
      ],
      "name": "node",
      "src_path": "/home/nitro/repos/nomic/tests/node.rs",
      "edition": "2021",
      "doc": false,
      "doctest": false,
      "test": true
    },
    {
      "kind": [
        "test"
      ],
      "crate_types": [
        "bin"
      ],
      "name": "node_spawn",
      "src_path": "/home/nitro/repos/nomic/tests/node_spawn.rs",
      "edition": "2021",
      "doc": false,
      "doctest": false,
      "test": true
    },
    {
      "kind": [
        "test"
      ],
      "crate_types": [
        "bin"
      ],
      "name": "relayer",
      "src_path": "/home/nitro/repos/nomic/tests/relayer.rs",
      "edition": "2021",
      "doc": false,
      "doctest": false,
      "test": true
    },
    {
      "kind": [
        "custom-build"
      ],
      "crate_types": [
        "bin"
      ],
      "name": "build-script-build",
      "src_path": "/home/nitro/repos/nomic/build.rs",
      "edition": "2021",
      "doc": false,
      "doctest": false,
      "test": false
    }
  ]
}
