anyhow v1.0.91
├── prost-derive v0.11.9 (proc-macro)
│   └── prost v0.11.9
│       ├── cosmos-sdk-proto v0.19.0
│       │   └── cosmrs v0.14.0
│       │       └── nomic v9.2.0 (/home/nitro/repos/nomic)
│       ├── prost-types v0.11.9
│       │   ├── cosmos-sdk-proto v0.19.0 (*)
│       │   ├── tendermint v0.32.2
│       │   │   └── cosmrs v0.14.0 (*)
│       │   └── tendermint-proto v0.32.2
│       │       ├── cosmos-sdk-proto v0.19.0 (*)
│       │       └── tendermint v0.32.2 (*)
│       ├── tendermint v0.32.2 (*)
│       └── tendermint-proto v0.32.2 (*)
└── prost-derive v0.13.3 (proc-macro)
    └── prost v0.13.3
        ├── abci2 v0.1.3 (https://github.com/turbofish-org/abci2?rev=27d8d7a5a6e458f5881e3eb13116cb2a3ae049b5#27d8d7a5)
        │   └── orga v0.3.1 (https://github.com/nomic-io/orga.git?rev=3b3d25ade40d81cb64f19335535e3a47bb47778f#3b3d25ad)
        │       └── nomic v9.2.0 (/home/nitro/repos/nomic)
        ├── cosmos-sdk-proto v0.23.0
        │   ├── cosmrs v0.18.0
        │   │   └── orga v0.3.1 (https://github.com/nomic-io/orga.git?rev=3b3d25ade40d81cb64f19335535e3a47bb47778f#3b3d25ad) (*)
        │   └── nomic v9.2.0 (/home/nitro/repos/nomic)
        ├── ibc-core-connection v0.54.0
        │   ├── ibc-core v0.54.0
        │   │   ├── ibc v0.54.0
        │   │   │   └── orga v0.3.1 (https://github.com/nomic-io/orga.git?rev=3b3d25ade40d81cb64f19335535e3a47bb47778f#3b3d25ad) (*)
        │   │   ├── ibc-app-nft-transfer v0.54.0
        │   │   │   └── ibc-apps v0.54.0
        │   │   │       └── ibc v0.54.0 (*)
        │   │   ├── ibc-app-nft-transfer-types v0.54.0
        │   │   │   └── ibc-app-nft-transfer v0.54.0 (*)
        │   │   ├── ibc-app-transfer v0.54.0
        │   │   │   └── ibc-apps v0.54.0 (*)
        │   │   └── ibc-app-transfer-types v0.54.0
        │   │       ├── ibc-app-nft-transfer-types v0.54.0 (*)
        │   │       ├── ibc-app-transfer v0.54.0 (*)
        │   │       └── ibc-core-host-cosmos v0.54.0
        │   │           └── ibc v0.54.0 (*)
        │   ├── ibc-core-channel v0.54.0
        │   │   ├── ibc-core v0.54.0 (*)
        │   │   └── ibc-core-handler v0.54.0
        │   │       └── ibc-core v0.54.0 (*)
        │   └── ibc-core-handler v0.54.0 (*)
        ├── ibc-primitives v0.54.0
        │   ├── ibc v0.54.0 (*)
        │   ├── ibc-client-tendermint v0.54.0
        │   │   ├── ibc-clients v0.54.0
        │   │   │   └── ibc v0.54.0 (*)
        │   │   └── ibc-core-host-cosmos v0.54.0 (*)
        │   ├── ibc-client-tendermint-types v0.54.0
        │   │   └── ibc-client-tendermint v0.54.0 (*)
        │   ├── ibc-client-wasm-types v0.54.0
        │   │   ├── ibc-clients v0.54.0 (*)
        │   │   └── ibc-core-connection v0.54.0 (*)
        │   ├── ibc-core v0.54.0 (*)
        │   ├── ibc-core-channel v0.54.0 (*)
        │   ├── ibc-core-channel-types v0.54.0
        │   │   ├── ibc-core-channel v0.54.0 (*)
        │   │   ├── ibc-core-handler-types v0.54.0
        │   │   │   ├── ibc-client-tendermint v0.54.0 (*)
        │   │   │   ├── ibc-core-channel v0.54.0 (*)
        │   │   │   ├── ibc-core-client v0.54.0
        │   │   │   │   ├── ibc-client-tendermint v0.54.0 (*)
        │   │   │   │   ├── ibc-client-wasm-types v0.54.0 (*)
        │   │   │   │   ├── ibc-core v0.54.0 (*)
        │   │   │   │   ├── ibc-core-channel v0.54.0 (*)
        │   │   │   │   ├── ibc-core-connection v0.54.0 (*)
        │   │   │   │   └── ibc-core-handler v0.54.0 (*)
        │   │   │   ├── ibc-core-client-context v0.54.0
        │   │   │   │   ├── ibc-core-client v0.54.0 (*)
        │   │   │   │   ├── ibc-core-host v0.54.0
        │   │   │   │   │   ├── ibc-client-tendermint v0.54.0 (*)
        │   │   │   │   │   ├── ibc-core v0.54.0 (*)
        │   │   │   │   │   ├── ibc-core-channel v0.54.0 (*)
        │   │   │   │   │   ├── ibc-core-client v0.54.0 (*)
        │   │   │   │   │   ├── ibc-core-connection v0.54.0 (*)
        │   │   │   │   │   └── ibc-core-handler v0.54.0 (*)
        │   │   │   │   └── ibc-core-host-cosmos v0.54.0 (*)
        │   │   │   ├── ibc-core-connection v0.54.0 (*)
        │   │   │   ├── ibc-core-handler v0.54.0 (*)
        │   │   │   ├── ibc-core-host v0.54.0 (*)
        │   │   │   └── ibc-core-host-cosmos v0.54.0 (*)
        │   │   ├── ibc-core-host v0.54.0 (*)
        │   │   └── ibc-core-router v0.54.0
        │   │       ├── ibc-core v0.54.0 (*)
        │   │       ├── ibc-core-channel v0.54.0 (*)
        │   │       └── ibc-core-handler v0.54.0 (*)
        │   ├── ibc-core-client v0.54.0 (*)
        │   ├── ibc-core-client-context v0.54.0 (*)
        │   ├── ibc-core-client-types v0.54.0
        │   │   ├── ibc-client-tendermint-types v0.54.0 (*)
        │   │   ├── ibc-core-channel-types v0.54.0 (*)
        │   │   ├── ibc-core-client v0.54.0 (*)
        │   │   ├── ibc-core-client-context v0.54.0 (*)
        │   │   ├── ibc-core-connection-types v0.54.0
        │   │   │   ├── ibc-core-channel-types v0.54.0 (*)
        │   │   │   ├── ibc-core-connection v0.54.0 (*)
        │   │   │   ├── ibc-core-handler-types v0.54.0 (*)
        │   │   │   ├── ibc-core-host v0.54.0 (*)
        │   │   │   └── ibc-core-host-cosmos v0.54.0 (*)
        │   │   ├── ibc-core-handler-types v0.54.0 (*)
        │   │   ├── ibc-core-host v0.54.0 (*)
        │   │   └── ibc-core-host-cosmos v0.54.0 (*)
        │   ├── ibc-core-commitment-types v0.54.0
        │   │   ├── ibc-client-tendermint v0.54.0 (*)
        │   │   ├── ibc-client-tendermint-types v0.54.0 (*)
        │   │   ├── ibc-core v0.54.0 (*)
        │   │   ├── ibc-core-channel v0.54.0 (*)
        │   │   ├── ibc-core-channel-types v0.54.0 (*)
        │   │   ├── ibc-core-client v0.54.0 (*)
        │   │   ├── ibc-core-client-context v0.54.0 (*)
        │   │   ├── ibc-core-client-types v0.54.0 (*)
        │   │   ├── ibc-core-connection-types v0.54.0 (*)
        │   │   ├── ibc-core-handler v0.54.0 (*)
        │   │   ├── ibc-core-handler-types v0.54.0 (*)
        │   │   ├── ibc-core-host v0.54.0 (*)
        │   │   └── ibc-core-host-cosmos v0.54.0 (*)
        │   ├── ibc-core-connection v0.54.0 (*)
        │   ├── ibc-core-connection-types v0.54.0 (*)
        │   ├── ibc-core-handler v0.54.0 (*)
        │   ├── ibc-core-handler-types v0.54.0 (*)
        │   ├── ibc-core-host v0.54.0 (*)
        │   ├── ibc-core-host-cosmos v0.54.0 (*)
        │   ├── ibc-core-host-types v0.54.0
        │   │   ├── ibc-client-tendermint-types v0.54.0 (*)
        │   │   ├── ibc-client-wasm-types v0.54.0 (*)
        │   │   ├── ibc-core-channel-types v0.54.0 (*)
        │   │   ├── ibc-core-client-context v0.54.0 (*)
        │   │   ├── ibc-core-client-types v0.54.0 (*)
        │   │   ├── ibc-core-commitment-types v0.54.0 (*)
        │   │   ├── ibc-core-connection-types v0.54.0 (*)
        │   │   ├── ibc-core-handler-types v0.54.0 (*)
        │   │   ├── ibc-core-host v0.54.0 (*)
        │   │   ├── ibc-core-host-cosmos v0.54.0 (*)
        │   │   ├── ibc-core-router v0.54.0 (*)
        │   │   └── ibc-core-router-types v0.54.0
        │   │       ├── ibc-core-handler-types v0.54.0 (*)
        │   │       └── ibc-core-router v0.54.0 (*)
        │   ├── ibc-core-router v0.54.0 (*)
        │   └── ibc-core-router-types v0.54.0 (*)
        ├── ibc-proto v0.47.1
        │   ├── ibc-app-nft-transfer-types v0.54.0 (*)
        │   ├── ibc-app-transfer-types v0.54.0 (*)
        │   ├── ibc-client-tendermint-types v0.54.0 (*)
        │   ├── ibc-client-wasm-types v0.54.0 (*)
        │   ├── ibc-core-channel-types v0.54.0 (*)
        │   ├── ibc-core-client-types v0.54.0 (*)
        │   ├── ibc-core-commitment-types v0.54.0 (*)
        │   ├── ibc-core-connection-types v0.54.0 (*)
        │   ├── ibc-core-handler-types v0.54.0 (*)
        │   ├── ibc-core-host-cosmos v0.54.0 (*)
        │   ├── ibc-core-router-types v0.54.0 (*)
        │   ├── ibc-primitives v0.54.0 (*)
        │   └── orga v0.3.1 (https://github.com/nomic-io/orga.git?rev=3b3d25ade40d81cb64f19335535e3a47bb47778f#3b3d25ad) (*)
        ├── ics23 v0.12.0
        │   ├── ibc-core-commitment-types v0.54.0 (*)
        │   ├── ibc-proto v0.47.1 (*)
        │   ├── nomic v9.2.0 (/home/nitro/repos/nomic)
        │   └── orga v0.3.1 (https://github.com/nomic-io/orga.git?rev=3b3d25ade40d81cb64f19335535e3a47bb47778f#3b3d25ad) (*)
        ├── nomic v9.2.0 (/home/nitro/repos/nomic)
        ├── orga v0.3.1 (https://github.com/nomic-io/orga.git?rev=3b3d25ade40d81cb64f19335535e3a47bb47778f#3b3d25ad) (*)
        ├── prost-types v0.13.3
        │   ├── cosmos-sdk-proto v0.23.0 (*)
        │   ├── orga v0.3.1 (https://github.com/nomic-io/orga.git?rev=3b3d25ade40d81cb64f19335535e3a47bb47778f#3b3d25ad) (*)
        │   ├── tendermint v0.38.1
        │   │   ├── cosmrs v0.18.0 (*)
        │   │   ├── ibc-client-tendermint v0.54.0 (*)
        │   │   ├── ibc-client-tendermint-types v0.54.0 (*)
        │   │   ├── ibc-core-channel-types v0.54.0 (*)
        │   │   ├── ibc-core-client-context v0.54.0 (*)
        │   │   ├── ibc-core-client-types v0.54.0 (*)
        │   │   ├── ibc-core-connection-types v0.54.0 (*)
        │   │   ├── ibc-core-handler-types v0.54.0 (*)
        │   │   ├── ibc-core-host-cosmos v0.54.0 (*)
        │   │   ├── ibc-core-router-types v0.54.0 (*)
        │   │   ├── ibc-primitives v0.54.0 (*)
        │   │   ├── orga v0.3.1 (https://github.com/nomic-io/orga.git?rev=3b3d25ade40d81cb64f19335535e3a47bb47778f#3b3d25ad) (*)
        │   │   ├── tendermint-config v0.38.1
        │   │   │   └── tendermint-rpc v0.38.1
        │   │   │       ├── nomic v9.2.0 (/home/nitro/repos/nomic)
        │   │   │       └── orga v0.3.1 (https://github.com/nomic-io/orga.git?rev=3b3d25ade40d81cb64f19335535e3a47bb47778f#3b3d25ad) (*)
        │   │   ├── tendermint-light-client-verifier v0.38.1
        │   │   │   ├── ibc-client-tendermint v0.54.0 (*)
        │   │   │   └── ibc-client-tendermint-types v0.54.0 (*)
        │   │   └── tendermint-rpc v0.38.1 (*)
        │   └── tendermint-proto v0.38.1
        │       ├── abci2 v0.1.3 (https://github.com/turbofish-org/abci2?rev=27d8d7a5a6e458f5881e3eb13116cb2a3ae049b5#27d8d7a5) (*)
        │       ├── cosmos-sdk-proto v0.23.0 (*)
        │       ├── ibc-client-tendermint-types v0.54.0 (*)
        │       ├── ibc-proto v0.47.1 (*)
        │       ├── orga v0.3.1 (https://github.com/nomic-io/orga.git?rev=3b3d25ade40d81cb64f19335535e3a47bb47778f#3b3d25ad) (*)
        │       ├── tendermint v0.38.1 (*)
        │       └── tendermint-rpc v0.38.1 (*)
        ├── tendermint v0.38.1 (*)
        ├── tendermint-proto v0.38.1 (*)
        └── tonic v0.12.3
            ├── cosmos-sdk-proto v0.23.0 (*)
            ├── ibc-proto v0.47.1 (*)
            └── orga v0.3.1 (https://github.com/nomic-io/orga.git?rev=3b3d25ade40d81cb64f19335535e3a47bb47778f#3b3d25ad) (*)

anyhow v1.0.91
└── ics23 v0.12.0 (*)

arrayvec v0.7.6
└── rust_decimal v1.36.0
    └── rust_decimal_macros v1.36.0 (proc-macro)
        └── orga v0.3.1 (https://github.com/nomic-io/orga.git?rev=3b3d25ade40d81cb64f19335535e3a47bb47778f#3b3d25ad) (*)

arrayvec v0.7.6
├── blake3 v1.5.4
│   └── ics23 v0.12.0 (*)
├── parity-scale-codec v3.6.12
│   ├── ibc-app-nft-transfer-types v0.54.0 (*)
│   ├── ibc-app-transfer-types v0.54.0 (*)
│   ├── ibc-core-channel-types v0.54.0 (*)
│   ├── ibc-core-client-types v0.54.0 (*)
│   ├── ibc-core-commitment-types v0.54.0 (*)
│   ├── ibc-core-connection-types v0.54.0 (*)
│   ├── ibc-core-handler-types v0.54.0 (*)
│   ├── ibc-core-host-types v0.54.0 (*)
│   ├── ibc-core-router-types v0.54.0 (*)
│   ├── ibc-primitives v0.54.0 (*)
│   ├── ibc-proto v0.47.1 (*)
│   └── scale-info v2.11.5
│       ├── ibc-app-nft-transfer-types v0.54.0 (*)
│       ├── ibc-app-transfer-types v0.54.0 (*)
│       ├── ibc-core-channel-types v0.54.0 (*)
│       ├── ibc-core-client-types v0.54.0 (*)
│       ├── ibc-core-commitment-types v0.54.0 (*)
│       ├── ibc-core-connection-types v0.54.0 (*)
│       ├── ibc-core-handler-types v0.54.0 (*)
│       ├── ibc-core-host-types v0.54.0 (*)
│       ├── ibc-core-router-types v0.54.0 (*)
│       ├── ibc-primitives v0.54.0 (*)
│       └── ibc-proto v0.47.1 (*)
└── rust_decimal v1.36.0
    └── orga v0.3.1 (https://github.com/nomic-io/orga.git?rev=3b3d25ade40d81cb64f19335535e3a47bb47778f#3b3d25ad) (*)

base64 v0.13.1
├── nomic v9.2.0 (/home/nitro/repos/nomic)
├── rustls v0.19.1
│   └── ureq v1.5.5
│       [build-dependencies]
│       └── bitcoind v0.27.1
│           [dev-dependencies]
│           └── nomic v9.2.0 (/home/nitro/repos/nomic)
└── ureq v1.5.5 (*)

base64 v0.21.7
├── headers v0.3.9
│   └── warp v0.3.7
│       └── nomic v9.2.0 (/home/nitro/repos/nomic)
├── informalsystems-pbjson v0.7.0
│   ├── ibc-proto v0.47.1 (*)
│   └── ics23 v0.12.0 (*)
├── reqwest v0.11.27
│   ├── nomic v9.2.0 (/home/nitro/repos/nomic)
│   ├── orga v0.3.1 (https://github.com/nomic-io/orga.git?rev=3b3d25ade40d81cb64f19335535e3a47bb47778f#3b3d25ad) (*)
│   └── tendermint-rpc v0.38.1 (*)
└── rustls-pemfile v1.0.4
    ├── reqwest v0.11.27 (*)
    └── rustls-native-certs v0.6.3
        └── reqwest v0.11.27 (*)

base64 v0.22.1
├── ibc-app-nft-transfer-types v0.54.0 (*)
├── ibc-client-wasm-types v0.54.0 (*)
├── ibc-proto v0.47.1 (*)
├── orga v0.3.1 (https://github.com/nomic-io/orga.git?rev=3b3d25ade40d81cb64f19335535e3a47bb47778f#3b3d25ad) (*)
└── tonic v0.12.3 (*)

bech32 v0.9.1
├── bitcoin v0.29.2
│   ├── bitcoincore-rpc-json v0.16.0
│   │   ├── bitcoincore-rpc v0.16.0
│   │   │   └── bitcoind v0.27.1 (*)
│   │   └── bitcoincore-rpc-async2 v4.0.2
│   │       └── nomic v9.2.0 (/home/nitro/repos/nomic)
│   └── nomic v9.2.0 (/home/nitro/repos/nomic)
├── nomic v9.2.0 (/home/nitro/repos/nomic)
└── orga v0.3.1 (https://github.com/nomic-io/orga.git?rev=3b3d25ade40d81cb64f19335535e3a47bb47778f#3b3d25ad) (*)

bech32 v0.9.1
└── bitcoin v0.29.2
    └── bitcoin-script v0.1.3 (proc-macro)
        └── nomic v9.2.0 (/home/nitro/repos/nomic)

bitcoin v0.29.2 (*)

bitcoin v0.29.2 (*)

bitcoin_hashes v0.11.0
├── bitcoin v0.29.2 (*)
└── secp256k1 v0.24.3
    └── bitcoin v0.29.2 (*)
[dev-dependencies]
└── nomic v9.2.0 (/home/nitro/repos/nomic)

bitcoin_hashes v0.11.0
├── bitcoin v0.29.2 (*)
└── secp256k1 v0.24.3
    └── bitcoin v0.29.2 (*)
[build-dependencies]
└── bitcoind v0.27.1 (*)

bitcoin_hashes v0.13.0
└── secp256k1 v0.28.2
    └── orga v0.3.1 (https://github.com/nomic-io/orga.git?rev=3b3d25ade40d81cb64f19335535e3a47bb47778f#3b3d25ad) (*)

bitflags v1.3.2
└── clap v3.2.25
    └── nomic v9.2.0 (/home/nitro/repos/nomic)

bitflags v2.6.0
├── bindgen v0.69.5
│   [build-dependencies]
│   └── librocksdb-sys v0.16.0+8.10.0
│       └── rocksdb v0.22.0
│           └── merk v2.0.0 (https://github.com/nomic-io/merk?rev=d6f0490993bcf88f786c5271091aa9a84ff2fe69#d6f04909)
│               └── orga v0.3.1 (https://github.com/nomic-io/orga.git?rev=3b3d25ade40d81cb64f19335535e3a47bb47778f#3b3d25ad) (*)
├── openssl v0.10.68
│   └── native-tls v0.2.12
│       ├── hyper-tls v0.5.0
│       │   └── reqwest v0.11.27 (*)
│       ├── reqwest v0.11.27 (*)
│       └── tokio-native-tls v0.3.1
│           ├── hyper-tls v0.5.0 (*)
│           └── reqwest v0.11.27 (*)
├── rustix v0.38.38
│   ├── tempfile v3.13.0
│   │   ├── alloy-node-bindings v0.3.6
│   │   │   [dev-dependencies]
│   │   │   └── nomic v9.2.0 (/home/nitro/repos/nomic)
│   │   ├── bitcoind v0.27.1 (*)
│   │   └── nomic v9.2.0 (/home/nitro/repos/nomic)
│   │   [dev-dependencies]
│   │   └── nomic v9.2.0 (/home/nitro/repos/nomic)
│   └── which v4.4.2
│       └── bitcoind v0.27.1 (*)
└── rustix v0.38.38
    └── xattr v1.3.1
        └── tar v0.4.42
            └── orga v0.3.1 (https://github.com/nomic-io/orga.git?rev=3b3d25ade40d81cb64f19335535e3a47bb47778f#3b3d25ad) (*)
            [build-dependencies]
            └── bitcoind v0.27.1 (*)

block-buffer v0.9.0
└── sha2 v0.9.9
    └── ed25519-consensus v2.1.0
        ├── tendermint v0.32.2 (*)
        └── tendermint v0.38.1 (*)

block-buffer v0.10.4
└── digest v0.10.7
    ├── blake2 v0.10.6
    │   └── ics23 v0.12.0 (*)
    ├── curve25519-dalek v4.1.3
    │   └── ed25519-dalek v2.1.1
    │       └── orga v0.3.1 (https://github.com/nomic-io/orga.git?rev=3b3d25ade40d81cb64f19335535e3a47bb47778f#3b3d25ad) (*)
    ├── ecdsa v0.16.9
    │   ├── cosmrs v0.14.0 (*)
    │   ├── cosmrs v0.18.0 (*)
    │   └── k256 v0.13.4
    │       ├── alloy-node-bindings v0.3.6 (*)
    │       ├── alloy-primitives v0.8.9
    │       │   ├── alloy-genesis v0.3.6
    │       │   │   └── alloy-node-bindings v0.3.6 (*)
    │       │   ├── alloy-node-bindings v0.3.6 (*)
    │       │   └── alloy-serde v0.3.6
    │       │       └── alloy-genesis v0.3.6 (*)
    │       ├── bip32 v0.5.2
    │       │   ├── cosmrs v0.14.0 (*)
    │       │   └── cosmrs v0.18.0 (*)
    │       ├── cosmrs v0.14.0 (*)
    │       ├── cosmrs v0.18.0 (*)
    │       ├── tendermint v0.32.2 (*)
    │       └── tendermint v0.38.1 (*)
    ├── elliptic-curve v0.13.8
    │   ├── ecdsa v0.16.9 (*)
    │   └── k256 v0.13.4 (*)
    ├── hmac v0.12.1
    │   ├── bip32 v0.5.2 (*)
    │   ├── pbkdf2 v0.12.2
    │   │   └── bip32 v0.5.2 (*)
    │   └── rfc6979 v0.4.0
    │       └── ecdsa v0.16.9 (*)
    ├── pbkdf2 v0.12.2 (*)
    ├── ripemd v0.1.3
    │   ├── bip32 v0.5.2 (*)
    │   ├── ics23 v0.12.0 (*)
    │   ├── nomic v9.2.0 (/home/nitro/repos/nomic)
    │   ├── orga v0.3.1 (https://github.com/nomic-io/orga.git?rev=3b3d25ade40d81cb64f19335535e3a47bb47778f#3b3d25ad) (*)
    │   ├── tendermint v0.32.2 (*)
    │   └── tendermint v0.38.1 (*)
    ├── sha1 v0.10.6
    │   ├── headers v0.3.9 (*)
    │   └── tungstenite v0.21.0
    │       └── tokio-tungstenite v0.21.0
    │           └── warp v0.3.7 (*)
    ├── sha2 v0.10.8
    │   ├── bip32 v0.5.2 (*)
    │   ├── bs58 v0.5.1
    │   │   └── bip32 v0.5.2 (*)
    │   ├── ed25519-dalek v2.1.1 (*)
    │   ├── ibc-core-channel-types v0.54.0 (*)
    │   ├── ibc-core-host-cosmos v0.54.0 (*)
    │   ├── ics23 v0.12.0 (*)
    │   ├── k256 v0.13.4 (*)
    │   ├── merk v2.0.0 (https://github.com/nomic-io/merk?rev=d6f0490993bcf88f786c5271091aa9a84ff2fe69#d6f04909) (*)
    │   ├── nomic v9.2.0 (/home/nitro/repos/nomic)
    │   ├── orga v0.3.1 (https://github.com/nomic-io/orga.git?rev=3b3d25ade40d81cb64f19335535e3a47bb47778f#3b3d25ad) (*)
    │   ├── tendermint v0.32.2 (*)
    │   └── tendermint v0.38.1 (*)
    ├── sha3 v0.10.8
    │   ├── ics23 v0.12.0 (*)
    │   └── orga v0.3.1 (https://github.com/nomic-io/orga.git?rev=3b3d25ade40d81cb64f19335535e3a47bb47778f#3b3d25ad) (*)
    ├── signature v2.2.0
    │   ├── cosmrs v0.18.0 (*)
    │   ├── ecdsa v0.16.9 (*)
    │   ├── ed25519 v2.2.3
    │   │   ├── ed25519-dalek v2.1.1 (*)
    │   │   ├── tendermint v0.32.2 (*)
    │   │   └── tendermint v0.38.1 (*)
    │   ├── k256 v0.13.4 (*)
    │   ├── tendermint v0.32.2 (*)
    │   └── tendermint v0.38.1 (*)
    ├── tendermint v0.32.2 (*)
    └── tendermint v0.38.1 (*)

byteorder v1.5.0
├── base64-compat v1.0.0
│   ├── jsonrpc v0.12.1
│   │   └── bitcoincore-rpc v0.16.0 (*)
│   └── jsonrpc-async v2.0.2
│       └── bitcoincore-rpc-async2 v4.0.2 (*)
├── curve25519-dalek-ng v4.1.1
│   └── ed25519-consensus v2.1.0 (*)
├── fixed-hash v0.8.0
│   └── primitive-types v0.12.2
│       └── ibc-app-transfer-types v0.54.0 (*)
├── tungstenite v0.21.0 (*)
├── uint v0.9.5
│   ├── ibc-app-transfer-types v0.54.0 (*)
│   └── primitive-types v0.12.2 (*)
└── zerocopy v0.7.35
    └── ppv-lite86 v0.2.20
        └── rand_chacha v0.3.1
            └── rand v0.8.5
                ├── alloy-node-bindings v0.3.6 (*)
                ├── fixed-hash v0.8.0 (*)
                ├── merk v2.0.0 (https://github.com/nomic-io/merk?rev=d6f0490993bcf88f786c5271091aa9a84ff2fe69#d6f04909) (*)
                ├── nomic v9.2.0 (/home/nitro/repos/nomic)
                ├── orga v0.3.1 (https://github.com/nomic-io/orga.git?rev=3b3d25ade40d81cb64f19335535e3a47bb47778f#3b3d25ad) (*)
                ├── secp256k1 v0.24.3 (*)
                ├── secp256k1 v0.28.2 (*)
                ├── tendermint-rpc v0.38.1 (*)
                ├── tower v0.4.13
                │   └── tonic v0.12.3 (*)
                └── tungstenite v0.21.0 (*)

byteorder v1.5.0
└── zip v0.5.13
    [build-dependencies]
    └── bitcoind v0.27.1 (*)

cosmos-sdk-proto v0.19.0 (*)

cosmos-sdk-proto v0.23.0 (*)

cosmrs v0.14.0 (*)

cosmrs v0.18.0 (*)

derive_more v0.99.18 (proc-macro)
├── ibc-app-nft-transfer-types v0.54.0 (*)
├── ibc-app-transfer-types v0.54.0 (*)
├── ibc-client-tendermint v0.54.0 (*)
├── ibc-core-channel-types v0.54.0 (*)
├── ibc-core-client-context v0.54.0 (*)
├── ibc-core-client-types v0.54.0 (*)
├── ibc-core-commitment-types v0.54.0 (*)
├── ibc-core-connection-types v0.54.0 (*)
├── ibc-core-handler-types v0.54.0 (*)
├── ibc-core-host v0.54.0 (*)
├── ibc-core-host-cosmos v0.54.0 (*)
├── ibc-core-host-types v0.54.0 (*)
├── ibc-core-router v0.54.0 (*)
├── ibc-core-router-types v0.54.0 (*)
├── ibc-primitives v0.54.0 (*)
├── nomic v9.2.0 (/home/nitro/repos/nomic)
├── orga v0.3.1 (https://github.com/nomic-io/orga.git?rev=3b3d25ade40d81cb64f19335535e3a47bb47778f#3b3d25ad) (*)
└── tendermint-light-client-verifier v0.38.1 (*)

derive_more v1.0.0
├── alloy-primitives v0.8.9 (*)
└── scale-info v2.11.5 (*)

digest v0.9.0
├── curve25519-dalek-ng v4.1.1 (*)
└── sha2 v0.9.9 (*)

digest v0.10.7 (*)

ed v0.3.0
└── merk v2.0.0 (https://github.com/nomic-io/merk?rev=d6f0490993bcf88f786c5271091aa9a84ff2fe69#d6f04909) (*)

ed v0.3.0 (https://github.com/nomic-io/ed?rev=a657be856792039ff60c2f67e7920e38cd3acffc#a657be85)
├── nomic v9.2.0 (/home/nitro/repos/nomic)
└── orga v0.3.1 (https://github.com/nomic-io/orga.git?rev=3b3d25ade40d81cb64f19335535e3a47bb47778f#3b3d25ad) (*)

ed-derive v0.3.0 (proc-macro)
└── ed v0.3.0 (*)

ed-derive v0.3.0 (proc-macro) (https://github.com/nomic-io/ed?rev=a657be856792039ff60c2f67e7920e38cd3acffc#a657be85)
└── ed v0.3.0 (https://github.com/nomic-io/ed?rev=a657be856792039ff60c2f67e7920e38cd3acffc#a657be85) (*)

either v1.13.0
└── which v4.4.2 (*)

either v1.13.0
├── itertools v0.10.5
│   ├── orga-macros v0.3.1 (proc-macro) (https://github.com/nomic-io/orga.git?rev=3b3d25ade40d81cb64f19335535e3a47bb47778f#3b3d25ad)
│   │   └── orga v0.3.1 (https://github.com/nomic-io/orga.git?rev=3b3d25ade40d81cb64f19335535e3a47bb47778f#3b3d25ad) (*)
│   ├── prost-derive v0.11.9 (proc-macro) (*)
│   └── toml_edit v0.13.4
│       └── nomic v9.2.0 (/home/nitro/repos/nomic)
├── itertools v0.12.1
│   └── bindgen v0.69.5 (*)
└── itertools v0.13.0
    └── prost-derive v0.13.3 (proc-macro) (*)

h2 v0.3.26
├── hyper v0.14.31
│   ├── hyper-rustls v0.24.2
│   │   └── reqwest v0.11.27 (*)
│   ├── hyper-tls v0.5.0 (*)
│   ├── reqwest v0.11.27 (*)
│   └── warp v0.3.7 (*)
└── reqwest v0.11.27 (*)

h2 v0.4.6
├── hyper v1.5.0
│   ├── hyper-timeout v0.5.1
│   │   └── tonic v0.12.3 (*)
│   ├── hyper-util v0.1.9
│   │   ├── hyper-timeout v0.5.1 (*)
│   │   └── tonic v0.12.3 (*)
│   └── tonic v0.12.3 (*)
└── tonic v0.12.3 (*)

hashbrown v0.12.3
└── indexmap v1.9.3
    ├── clap v3.2.25 (*)
    ├── toml_edit v0.13.4 (*)
    └── tower v0.4.13 (*)

hashbrown v0.14.5
└── dashmap v5.5.3
    └── serial_test v2.0.0
        [dev-dependencies]
        └── nomic v9.2.0 (/home/nitro/repos/nomic)

hashbrown v0.15.0
└── indexmap v2.6.0
    ├── h2 v0.3.26 (*)
    ├── h2 v0.4.6 (*)
    ├── toml_edit v0.19.15
    │   └── toml v0.7.8
    │       └── nomic v9.2.0 (/home/nitro/repos/nomic)
    │       [build-dependencies]
    │       └── nomic v9.2.0 (/home/nitro/repos/nomic)
    ├── toml_edit v0.22.22
    │   └── proc-macro-crate v3.2.0
    │       ├── borsh-derive v1.5.1 (proc-macro)
    │       │   └── borsh v1.5.1
    │       │       ├── ibc-app-nft-transfer-types v0.54.0 (*)
    │       │       ├── ibc-app-transfer-types v0.54.0 (*)
    │       │       ├── ibc-client-tendermint-types v0.54.0 (*)
    │       │       ├── ibc-core-channel-types v0.54.0 (*)
    │       │       ├── ibc-core-client-types v0.54.0 (*)
    │       │       ├── ibc-core-commitment-types v0.54.0 (*)
    │       │       ├── ibc-core-connection-types v0.54.0 (*)
    │       │       ├── ibc-core-handler-types v0.54.0 (*)
    │       │       ├── ibc-core-host-cosmos v0.54.0 (*)
    │       │       ├── ibc-core-host-types v0.54.0 (*)
    │       │       ├── ibc-core-router-types v0.54.0 (*)
    │       │       ├── ibc-primitives v0.54.0 (*)
    │       │       ├── ibc-proto v0.47.1 (*)
    │       │       └── orga v0.3.1 (https://github.com/nomic-io/orga.git?rev=3b3d25ade40d81cb64f19335535e3a47bb47778f#3b3d25ad) (*)
    │       ├── parity-scale-codec-derive v3.6.12 (proc-macro)
    │       │   └── parity-scale-codec v3.6.12 (*)
    │       └── scale-info-derive v2.11.5 (proc-macro)
    │           └── scale-info v2.11.5 (*)
    └── toml_edit v0.22.22
        ├── orga v0.3.1 (https://github.com/nomic-io/orga.git?rev=3b3d25ade40d81cb64f19335535e3a47bb47778f#3b3d25ad) (*)
        └── toml v0.8.19
            └── tendermint-config v0.38.1 (*)

heck v0.3.3
└── orga-macros v0.3.1 (proc-macro) (https://github.com/nomic-io/orga.git?rev=3b3d25ade40d81cb64f19335535e3a47bb47778f#3b3d25ad) (*)

heck v0.4.1
└── clap_derive v3.2.25 (proc-macro)
    └── clap v3.2.25 (*)

http v0.2.12
├── h2 v0.3.26 (*)
├── headers v0.3.9 (*)
├── headers-core v0.2.0
│   └── headers v0.3.9 (*)
├── http-body v0.4.6
│   ├── hyper v0.14.31 (*)
│   └── reqwest v0.11.27 (*)
├── hyper v0.14.31 (*)
├── hyper-rustls v0.24.2 (*)
├── multer v2.1.0
│   └── warp v0.3.7 (*)
├── reqwest v0.11.27 (*)
└── warp v0.3.7 (*)

http v1.1.0
├── axum v0.7.7
│   └── tonic v0.12.3 (*)
├── axum-core v0.4.5
│   └── axum v0.7.7 (*)
├── h2 v0.4.6 (*)
├── http-body v1.0.1
│   ├── axum v0.7.7 (*)
│   ├── axum-core v0.4.5 (*)
│   ├── http-body-util v0.1.2
│   │   ├── axum v0.7.7 (*)
│   │   ├── axum-core v0.4.5 (*)
│   │   └── tonic v0.12.3 (*)
│   ├── hyper v1.5.0 (*)
│   ├── hyper-util v0.1.9 (*)
│   └── tonic v0.12.3 (*)
├── http-body-util v0.1.2 (*)
├── hyper v1.5.0 (*)
├── hyper-util v0.1.9 (*)
├── ibc-app-nft-transfer-types v0.54.0 (*)
├── tonic v0.12.3 (*)
└── tungstenite v0.21.0 (*)

http-body v0.4.6 (*)

http-body v1.0.1 (*)

hyper v0.14.31 (*)

hyper v1.5.0 (*)

idna v0.2.3
├── cookie_store v0.12.0
│   └── ureq v1.5.5 (*)
└── publicsuffix v1.5.6
    └── cookie_store v0.12.0 (*)

idna v0.5.0
└── url v2.5.2
    ├── alloy-node-bindings v0.3.6 (*)
    ├── cookie_store v0.12.0 (*)
    ├── publicsuffix v1.5.6 (*)
    ├── reqwest v0.11.27 (*)
    ├── tendermint-config v0.38.1 (*)
    ├── tendermint-rpc v0.38.1 (*)
    ├── tiny_http v0.10.0
    │   └── prometheus_exporter v0.8.5
    │       └── nomic v9.2.0 (/home/nitro/repos/nomic)
    ├── tungstenite v0.21.0 (*)
    └── ureq v1.5.5 (*)

indexmap v1.9.3 (*)

indexmap v2.6.0 (*)

itertools v0.10.5 (*)

itertools v0.12.1 (*)

itertools v0.13.0 (*)

log v0.4.22
├── cookie_store v0.12.0 (*)
├── rustls v0.19.1 (*)
├── ureq v1.5.5 (*)
└── wasm-bindgen-backend v0.2.95
    └── wasm-bindgen-macro-support v0.2.95
        └── wasm-bindgen-macro v0.2.95 (proc-macro)
            └── wasm-bindgen v0.2.95
                ├── js-sys v0.3.72
                │   ├── nomic v9.2.0 (/home/nitro/repos/nomic)
                │   ├── orga v0.3.1 (https://github.com/nomic-io/orga.git?rev=3b3d25ade40d81cb64f19335535e3a47bb47778f#3b3d25ad) (*)
                │   └── serde-wasm-bindgen v0.6.5
                │       └── orga v0.3.1 (https://github.com/nomic-io/orga.git?rev=3b3d25ade40d81cb64f19335535e3a47bb47778f#3b3d25ad) (*)
                ├── orga v0.3.1 (https://github.com/nomic-io/orga.git?rev=3b3d25ade40d81cb64f19335535e3a47bb47778f#3b3d25ad) (*)
                └── serde-wasm-bindgen v0.6.5 (*)

log v0.4.22
├── abci2 v0.1.3 (https://github.com/turbofish-org/abci2?rev=27d8d7a5a6e458f5881e3eb13116cb2a3ae049b5#27d8d7a5) (*)
├── bitcoincore-rpc v0.16.0 (*)
├── bitcoincore-rpc-async2 v4.0.2 (*)
├── bitcoind v0.27.1 (*)
├── env_logger v0.9.3
│   └── pretty_env_logger v0.4.0 (https://github.com/seanmonstar/pretty-env-logger?rev=f9e35b6dbbf06de55222c944c9e1e176ce73b3a7#f9e35b6d)
│       └── nomic v9.2.0 (/home/nitro/repos/nomic)
├── merk v2.0.0 (https://github.com/nomic-io/merk?rev=d6f0490993bcf88f786c5271091aa9a84ff2fe69#d6f04909) (*)
├── multer v2.1.0 (*)
├── native-tls v0.2.12 (*)
├── nomic v9.2.0 (/home/nitro/repos/nomic)
├── orga v0.3.1 (https://github.com/nomic-io/orga.git?rev=3b3d25ade40d81cb64f19335535e3a47bb47778f#3b3d25ad) (*)
├── pretty_env_logger v0.4.0 (https://github.com/seanmonstar/pretty-env-logger?rev=f9e35b6dbbf06de55222c944c9e1e176ce73b3a7#f9e35b6d) (*)
├── prometheus_exporter v0.8.5 (*)
├── reqwest v0.11.27 (*)
├── rustls v0.21.12
│   ├── hyper-rustls v0.24.2 (*)
│   ├── reqwest v0.11.27 (*)
│   └── tokio-rustls v0.24.1
│       ├── hyper-rustls v0.24.2 (*)
│       └── reqwest v0.11.27 (*)
├── serial_test v2.0.0 (*)
├── tiny_http v0.10.0 (*)
├── tokio-tungstenite v0.21.0 (*)
├── tracing v0.1.40
│   ├── alloy-node-bindings v0.3.6 (*)
│   ├── h2 v0.3.26 (*)
│   ├── h2 v0.4.6 (*)
│   ├── hyper v0.14.31 (*)
│   ├── hyper-util v0.1.9 (*)
│   ├── tendermint-rpc v0.38.1 (*)
│   ├── tonic v0.12.3 (*)
│   ├── tower v0.4.13 (*)
│   └── warp v0.3.7 (*)
├── tungstenite v0.21.0 (*)
└── warp v0.3.7 (*)

memchr v2.7.4
├── axum v0.7.7 (*)
├── combine v4.6.7
│   └── toml_edit v0.13.4 (*)
├── csv-core v0.1.11
│   └── csv v1.3.0
│       └── nomic v9.2.0 (/home/nitro/repos/nomic)
├── futures-util v0.3.31
│   ├── axum v0.7.7 (*)
│   ├── axum-core v0.4.5 (*)
│   ├── futures v0.3.31
│   │   ├── nomic v9.2.0 (/home/nitro/repos/nomic)
│   │   ├── serial_test v2.0.0 (*)
│   │   ├── tendermint v0.32.2 (*)
│   │   ├── tendermint v0.38.1 (*)
│   │   └── tendermint-rpc v0.38.1 (*)
│   ├── futures-executor v0.3.31
│   │   └── futures v0.3.31 (*)
│   ├── h2 v0.3.26 (*)
│   ├── http-body-util v0.1.2 (*)
│   ├── hyper v0.14.31 (*)
│   ├── hyper v1.5.0 (*)
│   ├── hyper-rustls v0.24.2 (*)
│   ├── hyper-util v0.1.9 (*)
│   ├── multer v2.1.0 (*)
│   ├── reqwest v0.11.27 (*)
│   ├── tokio-tungstenite v0.21.0 (*)
│   ├── tower v0.4.13 (*)
│   ├── tower v0.5.1
│   │   └── axum v0.7.7 (*)
│   └── warp v0.3.7 (*)
├── multer v2.1.0 (*)
├── nom v7.1.3
│   └── orga v0.3.1 (https://github.com/nomic-io/orga.git?rev=3b3d25ade40d81cb64f19335535e3a47bb47778f#3b3d25ad) (*)
├── prometheus v0.13.4
│   └── prometheus_exporter v0.8.5 (*)
├── regex v1.11.1
│   └── env_logger v0.9.3 (*)
├── regex-automata v0.4.8
│   └── regex v1.11.1 (*)
└── serde_json v1.0.132
    ├── alloy-node-bindings v0.3.6 (*)
    ├── alloy-serde v0.3.6 (*)
    ├── bitcoincore-rpc v0.16.0 (*)
    ├── bitcoincore-rpc-async2 v4.0.2 (*)
    ├── bitcoincore-rpc-json v0.16.0 (*)
    ├── cosmrs v0.14.0 (*)
    ├── cosmrs v0.18.0 (*)
    ├── jsonrpc v0.12.1 (*)
    ├── jsonrpc-async v2.0.2 (*)
    ├── nomic v9.2.0 (/home/nitro/repos/nomic)
    ├── orga v0.3.1 (https://github.com/nomic-io/orga.git?rev=3b3d25ade40d81cb64f19335535e3a47bb47778f#3b3d25ad) (*)
    ├── reqwest v0.11.27 (*)
    ├── schemars v0.8.21
    │   ├── ibc-app-nft-transfer-types v0.54.0 (*)
    │   ├── ibc-app-transfer-types v0.54.0 (*)
    │   ├── ibc-core-channel-types v0.54.0 (*)
    │   ├── ibc-core-client-types v0.54.0 (*)
    │   ├── ibc-core-commitment-types v0.54.0 (*)
    │   ├── ibc-core-connection-types v0.54.0 (*)
    │   ├── ibc-core-handler-types v0.54.0 (*)
    │   ├── ibc-core-host-types v0.54.0 (*)
    │   ├── ibc-core-router-types v0.54.0 (*)
    │   ├── ibc-primitives v0.54.0 (*)
    │   └── ibc-proto v0.47.1 (*)
    ├── tendermint v0.32.2 (*)
    ├── tendermint v0.38.1 (*)
    ├── tendermint-config v0.38.1 (*)
    ├── tendermint-rpc v0.38.1 (*)
    └── warp v0.3.7 (*)
    [dev-dependencies]
    └── nomic v9.2.0 (/home/nitro/repos/nomic)

memchr v2.7.4
├── aho-corasick v1.1.3
│   ├── regex v1.11.1
│   │   ├── bindgen v0.69.5 (*)
│   │   └── orga-macros v0.3.1 (proc-macro) (https://github.com/nomic-io/orga.git?rev=3b3d25ade40d81cb64f19335535e3a47bb47778f#3b3d25ad) (*)
│   ├── regex v1.11.1 (*)
│   ├── regex-automata v0.4.8 (*)
│   └── regex-automata v0.4.8
│       └── regex v1.11.1 (*)
├── nom v7.1.3
│   └── cexpr v0.6.0
│       └── bindgen v0.69.5 (*)
├── regex v1.11.1 (*)
├── regex-automata v0.4.8 (*)
└── serde_json v1.0.132
    └── cookie_store v0.12.0 (*)

nom v7.1.3 (*)

nom v7.1.3 (*)

num-traits v0.2.19
├── chrono v0.4.38
│   └── nomic v9.2.0 (/home/nitro/repos/nomic)
│   [dev-dependencies]
│   └── nomic v9.2.0 (/home/nitro/repos/nomic)
├── orga v0.3.1 (https://github.com/nomic-io/orga.git?rev=3b3d25ade40d81cb64f19335535e3a47bb47778f#3b3d25ad) (*)
├── rust_decimal v1.36.0 (*)
├── tendermint v0.32.2 (*)
├── tendermint v0.38.1 (*)
└── tendermint-proto v0.32.2 (*)

num-traits v0.2.19
└── rust_decimal v1.36.0 (*)

prost v0.11.9 (*)

prost v0.13.3 (*)

prost-derive v0.11.9 (proc-macro) (*)

prost-derive v0.13.3 (proc-macro) (*)

prost-types v0.11.9 (*)

prost-types v0.13.3 (*)

regex v1.11.1 (*)

regex v1.11.1 (*)

regex-automata v0.4.8 (*)

regex-automata v0.4.8 (*)

regex-syntax v0.8.5
├── regex v1.11.1 (*)
└── regex-automata v0.4.8 (*)

regex-syntax v0.8.5
├── regex v1.11.1 (*)
└── regex-automata v0.4.8 (*)

ring v0.16.20
├── rustls v0.19.1 (*)
├── sct v0.6.1
│   └── rustls v0.19.1 (*)
└── webpki v0.21.4
    ├── rustls v0.19.1 (*)
    ├── ureq v1.5.5 (*)
    └── webpki-roots v0.21.1
        └── ureq v1.5.5 (*)

ring v0.17.8
├── rustls v0.21.12 (*)
├── rustls-webpki v0.101.7
│   └── rustls v0.21.12 (*)
└── sct v0.7.1
    └── rustls v0.21.12 (*)

rust_decimal v1.36.0 (*)

rust_decimal v1.36.0 (*)

rustix v0.38.38 (*)

rustix v0.38.38 (*)

rustls v0.19.1 (*)

rustls v0.21.12 (*)

sct v0.6.1 (*)

sct v0.7.1 (*)

secp256k1 v0.24.3 (*)

secp256k1 v0.24.3 (*)

secp256k1 v0.28.2 (*)

secp256k1-sys v0.6.1
├── secp256k1 v0.24.3 (*)
└── secp256k1 v0.24.3 (*)

secp256k1-sys v0.9.2
└── secp256k1 v0.28.2 (*)

serde v1.0.213
├── alloy-genesis v0.3.6 (*)
├── alloy-primitives v0.8.9 (*)
├── alloy-serde v0.3.6 (*)
├── axum v0.7.7 (*)
├── bitcoin v0.29.2 (*)
├── bitcoin_hashes v0.11.0 (*)
├── bitcoincore-rpc v0.16.0 (*)
├── bitcoincore-rpc-async2 v4.0.2 (*)
├── bitcoincore-rpc-json v0.16.0 (*)
├── bytes v1.8.0
│   ├── alloy-primitives v0.8.9 (*)
│   ├── alloy-rlp v0.3.9
│   │   ├── alloy-primitives v0.8.9 (*)
│   │   └── ruint v1.12.3
│   │       └── alloy-primitives v0.8.9 (*)
│   ├── axum v0.7.7 (*)
│   ├── axum-core v0.4.5 (*)
│   ├── combine v4.6.7 (*)
│   ├── h2 v0.3.26 (*)
│   ├── h2 v0.4.6 (*)
│   ├── headers v0.3.9 (*)
│   ├── http v0.2.12 (*)
│   ├── http v1.1.0 (*)
│   ├── http-body v0.4.6 (*)
│   ├── http-body v1.0.1 (*)
│   ├── http-body-util v0.1.2 (*)
│   ├── hyper v0.14.31 (*)
│   ├── hyper v1.5.0 (*)
│   ├── hyper-tls v0.5.0 (*)
│   ├── hyper-util v0.1.9 (*)
│   ├── ibc-proto v0.47.1 (*)
│   ├── ics23 v0.12.0 (*)
│   ├── multer v2.1.0 (*)
│   ├── nomic v9.2.0 (/home/nitro/repos/nomic)
│   ├── prost v0.11.9 (*)
│   ├── prost v0.13.3 (*)
│   ├── reqwest v0.11.27 (*)
│   ├── tendermint v0.32.2 (*)
│   ├── tendermint v0.38.1 (*)
│   ├── tendermint-proto v0.32.2 (*)
│   ├── tendermint-proto v0.38.1 (*)
│   ├── tendermint-rpc v0.38.1 (*)
│   ├── tokio v1.41.0
│   │   ├── h2 v0.3.26 (*)
│   │   ├── h2 v0.4.6 (*)
│   │   ├── hyper v0.14.31 (*)
│   │   ├── hyper v1.5.0 (*)
│   │   ├── hyper-rustls v0.24.2 (*)
│   │   ├── hyper-timeout v0.5.1 (*)
│   │   ├── hyper-tls v0.5.0 (*)
│   │   ├── hyper-util v0.1.9 (*)
│   │   ├── jsonrpc-async v2.0.2 (*)
│   │   ├── nomic v9.2.0 (/home/nitro/repos/nomic)
│   │   ├── orga v0.3.1 (https://github.com/nomic-io/orga.git?rev=3b3d25ade40d81cb64f19335535e3a47bb47778f#3b3d25ad) (*)
│   │   ├── reqwest v0.11.27 (*)
│   │   ├── tendermint-rpc v0.38.1 (*)
│   │   ├── tokio-native-tls v0.3.1 (*)
│   │   ├── tokio-rustls v0.24.1 (*)
│   │   ├── tokio-stream v0.1.16
│   │   │   └── tonic v0.12.3 (*)
│   │   ├── tokio-tungstenite v0.21.0 (*)
│   │   ├── tokio-util v0.7.12
│   │   │   ├── h2 v0.3.26 (*)
│   │   │   ├── h2 v0.4.6 (*)
│   │   │   ├── tower v0.4.13 (*)
│   │   │   └── warp v0.3.7 (*)
│   │   ├── tonic v0.12.3 (*)
│   │   ├── tower v0.4.13 (*)
│   │   └── warp v0.3.7 (*)
│   ├── tokio-util v0.7.12 (*)
│   ├── tonic v0.12.3 (*)
│   ├── tungstenite v0.21.0 (*)
│   └── warp v0.3.7 (*)
├── const-hex v1.13.1
│   └── alloy-primitives v0.8.9 (*)
├── cosmrs v0.14.0 (*)
├── cosmrs v0.18.0 (*)
├── csv v1.3.0 (*)
├── ibc-app-nft-transfer-types v0.54.0 (*)
├── ibc-app-transfer-types v0.54.0 (*)
├── ibc-client-tendermint v0.54.0 (*)
├── ibc-client-tendermint-types v0.54.0 (*)
├── ibc-client-wasm-types v0.54.0 (*)
├── ibc-core-channel-types v0.54.0 (*)
├── ibc-core-client-types v0.54.0 (*)
├── ibc-core-commitment-types v0.54.0 (*)
├── ibc-core-connection-types v0.54.0 (*)
├── ibc-core-handler-types v0.54.0 (*)
├── ibc-core-host-cosmos v0.54.0 (*)
├── ibc-core-host-types v0.54.0 (*)
├── ibc-core-router-types v0.54.0 (*)
├── ibc-primitives v0.54.0 (*)
├── ibc-proto v0.47.1 (*)
├── ics23 v0.12.0 (*)
├── impl-serde v0.4.0
│   └── primitive-types v0.12.2 (*)
├── informalsystems-pbjson v0.7.0 (*)
├── jsonrpc v0.12.1 (*)
├── jsonrpc-async v2.0.2 (*)
├── kstring v1.0.6
│   └── toml_edit v0.13.4 (*)
├── nomic v9.2.0 (/home/nitro/repos/nomic)
├── orga v0.3.1 (https://github.com/nomic-io/orga.git?rev=3b3d25ade40d81cb64f19335535e3a47bb47778f#3b3d25ad) (*)
├── reqwest v0.11.27 (*)
├── ruint v1.12.3 (*)
├── rust_decimal v1.36.0 (*)
├── schemars v0.8.21 (*)
├── secp256k1 v0.24.3 (*)
├── serde-big-array v0.4.1
│   └── nomic v9.2.0 (/home/nitro/repos/nomic)
├── serde-hex v0.1.0
│   └── nomic v9.2.0 (/home/nitro/repos/nomic)
├── serde-json-wasm v1.0.1
│   ├── ibc-app-nft-transfer v0.54.0 (*)
│   ├── ibc-app-nft-transfer-types v0.54.0 (*)
│   └── ibc-app-transfer v0.54.0 (*)
├── serde-wasm-bindgen v0.6.5 (*)
├── serde_bytes v0.11.15
│   ├── tendermint v0.32.2 (*)
│   ├── tendermint v0.38.1 (*)
│   ├── tendermint-proto v0.32.2 (*)
│   ├── tendermint-proto v0.38.1 (*)
│   └── tendermint-rpc v0.38.1 (*)
├── serde_json v1.0.132 (*)
├── serde_spanned v0.6.8
│   ├── toml v0.7.8 (*)
│   ├── toml v0.8.19 (*)
│   ├── toml_edit v0.19.15 (*)
│   └── toml_edit v0.22.22 (*)
├── serde_urlencoded v0.7.1
│   ├── reqwest v0.11.27 (*)
│   └── warp v0.3.7 (*)
├── tendermint v0.32.2 (*)
├── tendermint v0.38.1 (*)
├── tendermint-config v0.38.1 (*)
├── tendermint-light-client-verifier v0.38.1 (*)
├── tendermint-proto v0.32.2 (*)
├── tendermint-proto v0.38.1 (*)
├── tendermint-rpc v0.38.1 (*)
├── toml v0.7.8 (*)
├── toml v0.8.19 (*)
├── toml_edit v0.19.15 (*)
├── toml_edit v0.22.22 (*)
└── warp v0.3.7 (*)
[dev-dependencies]
└── nomic v9.2.0 (/home/nitro/repos/nomic)

serde v1.0.213
├── cookie_store v0.12.0 (*)
├── serde_json v1.0.132 (*)
└── toml_datetime v0.6.8
    ├── toml v0.7.8 (*)
    ├── toml v0.8.19 (*)
    ├── toml_edit v0.19.15 (*)
    ├── toml_edit v0.22.22 (*)
    └── toml_edit v0.22.22 (*)

serde_json v1.0.132 (*)

serde_json v1.0.132 (*)

sha2 v0.9.9 (*)

sha2 v0.10.8 (*)

smallvec v0.6.14
└── serde-hex v0.1.0 (*)

smallvec v1.13.2
├── hyper v1.5.0 (*)
└── parking_lot_core v0.9.10
    ├── dashmap v5.5.3 (*)
    └── parking_lot v0.12.3
        ├── prometheus v0.13.4 (*)
        ├── serial_test v2.0.0 (*)
        └── tokio v1.41.0 (*)

spin v0.5.2
└── ring v0.16.20 (*)

spin v0.9.8
├── multer v2.1.0 (*)
└── ring v0.17.8 (*)

strsim v0.10.0
└── clap v3.2.25 (*)

strsim v0.11.1
└── darling_core v0.20.10
    ├── darling v0.20.10
    │   └── orga-macros v0.3.1 (proc-macro) (https://github.com/nomic-io/orga.git?rev=3b3d25ade40d81cb64f19335535e3a47bb47778f#3b3d25ad) (*)
    └── darling_macro v0.20.10 (proc-macro)
        └── darling v0.20.10 (*)

syn v1.0.109
├── clap_derive v3.2.25 (proc-macro) (*)
├── ed-derive v0.3.0 (proc-macro) (*)
├── impl-trait-for-tuples v0.2.2 (proc-macro)
│   └── parity-scale-codec v3.6.12 (*)
├── num-derive v0.3.3 (proc-macro)
│   └── tendermint-proto v0.32.2 (*)
├── parity-scale-codec-derive v3.6.12 (proc-macro) (*)
├── proc-macro-error v1.0.4
│   ├── bitcoin-script v0.1.3 (proc-macro) (*)
│   ├── clap_derive v3.2.25 (proc-macro) (*)
│   └── syn_derive v0.1.8 (proc-macro)
│       └── borsh-derive v1.5.1 (proc-macro) (*)
├── prost-derive v0.11.9 (proc-macro) (*)
└── time-macros-impl v0.1.2 (proc-macro)
    └── time-macros v0.1.1
        └── time v0.2.27
            ├── cookie v0.14.4
            │   ├── cookie_store v0.12.0 (*)
            │   └── ureq v1.5.5 (*)
            └── cookie_store v0.12.0 (*)

syn v2.0.85
├── async-stream-impl v0.3.6 (proc-macro)
│   └── async-stream v0.3.6
│       └── tonic v0.12.3 (*)
├── async-trait v0.1.83 (proc-macro)
│   ├── axum v0.7.7 (*)
│   ├── axum-core v0.4.5 (*)
│   ├── bitcoincore-rpc-async2 v4.0.2 (*)
│   ├── jsonrpc-async v2.0.2 (*)
│   ├── orga v0.3.1 (https://github.com/nomic-io/orga.git?rev=3b3d25ade40d81cb64f19335535e3a47bb47778f#3b3d25ad) (*)
│   ├── tendermint-rpc v0.38.1 (*)
│   └── tonic v0.12.3 (*)
├── bindgen v0.69.5 (*)
├── borsh-derive v1.5.1 (proc-macro) (*)
├── curve25519-dalek-derive v0.1.1 (proc-macro)
│   └── curve25519-dalek v4.1.3 (*)
├── darling_core v0.20.10 (*)
├── darling_macro v0.20.10 (proc-macro) (*)
├── derive_more v0.99.18 (proc-macro) (*)
├── derive_more-impl v1.0.0 (proc-macro)
│   └── derive_more v1.0.0 (*)
├── displaydoc v0.2.5 (proc-macro)
│   ├── ibc-app-nft-transfer-types v0.54.0 (*)
│   ├── ibc-app-transfer-types v0.54.0 (*)
│   ├── ibc-client-tendermint-types v0.54.0 (*)
│   ├── ibc-client-wasm-types v0.54.0 (*)
│   ├── ibc-core-channel-types v0.54.0 (*)
│   ├── ibc-core-client-context v0.54.0 (*)
│   ├── ibc-core-client-types v0.54.0 (*)
│   ├── ibc-core-commitment-types v0.54.0 (*)
│   ├── ibc-core-connection-types v0.54.0 (*)
│   ├── ibc-core-handler-types v0.54.0 (*)
│   ├── ibc-core-host v0.54.0 (*)
│   ├── ibc-core-host-cosmos v0.54.0 (*)
│   ├── ibc-core-host-types v0.54.0 (*)
│   ├── ibc-core-router v0.54.0 (*)
│   ├── ibc-core-router-types v0.54.0 (*)
│   └── ibc-primitives v0.54.0 (*)
├── ed-derive v0.3.0 (proc-macro) (https://github.com/nomic-io/ed?rev=a657be856792039ff60c2f67e7920e38cd3acffc#a657be85) (*)
├── educe v0.5.11 (proc-macro)
│   └── orga v0.3.1 (https://github.com/nomic-io/orga.git?rev=3b3d25ade40d81cb64f19335535e3a47bb47778f#3b3d25ad) (*)
├── enum-ordinalize-derive v4.3.1 (proc-macro)
│   └── enum-ordinalize v4.3.0
│       └── educe v0.5.11 (proc-macro) (*)
├── futures-macro v0.3.31 (proc-macro)
│   └── futures-util v0.3.31 (*)
├── ibc-derive v0.8.0 (proc-macro)
│   ├── ibc v0.54.0 (*)
│   └── ibc-core v0.54.0 (*)
├── openssl-macros v0.1.1 (proc-macro)
│   └── openssl v0.10.68 (*)
├── orga-macros v0.3.1 (proc-macro) (https://github.com/nomic-io/orga.git?rev=3b3d25ade40d81cb64f19335535e3a47bb47778f#3b3d25ad) (*)
├── pin-project-internal v1.1.7 (proc-macro)
│   └── pin-project v1.1.7
│       ├── tendermint-rpc v0.38.1 (*)
│       ├── tonic v0.12.3 (*)
│       ├── tower v0.4.13 (*)
│       └── warp v0.3.7 (*)
├── prost-derive v0.13.3 (proc-macro) (*)
├── scale-info-derive v2.11.5 (proc-macro) (*)
├── schemars_derive v0.8.21 (proc-macro)
│   └── schemars v0.8.21 (*)
├── serde_derive v1.0.213 (proc-macro)
│   ├── jsonrpc v0.12.1 (*)
│   ├── jsonrpc-async v2.0.2 (*)
│   ├── serde v1.0.213 (*)
│   └── serde v1.0.213 (*)
├── serde_derive_internals v0.29.1
│   └── schemars_derive v0.8.21 (proc-macro) (*)
├── serde_repr v0.1.19 (proc-macro)
│   ├── tendermint v0.32.2 (*)
│   └── tendermint v0.38.1 (*)
├── serial_test_derive v2.0.0 (proc-macro)
│   └── serial_test v2.0.0 (*)
├── syn_derive v0.1.8 (proc-macro) (*)
├── thiserror-impl v1.0.65 (proc-macro)
│   └── thiserror v1.0.65
│       ├── abci2 v0.1.3 (https://github.com/turbofish-org/abci2?rev=27d8d7a5a6e458f5881e3eb13116cb2a3ae049b5#27d8d7a5) (*)
│       ├── alloy-node-bindings v0.3.6 (*)
│       ├── cosmrs v0.14.0 (*)
│       ├── cosmrs v0.18.0 (*)
│       ├── ed v0.3.0 (*)
│       ├── ed v0.3.0 (https://github.com/nomic-io/ed?rev=a657be856792039ff60c2f67e7920e38cd3acffc#a657be85) (*)
│       ├── merk v2.0.0 (https://github.com/nomic-io/merk?rev=d6f0490993bcf88f786c5271091aa9a84ff2fe69#d6f04909) (*)
│       ├── nomic v9.2.0 (/home/nitro/repos/nomic)
│       ├── orga v0.3.1 (https://github.com/nomic-io/orga.git?rev=3b3d25ade40d81cb64f19335535e3a47bb47778f#3b3d25ad) (*)
│       ├── prometheus v0.13.4 (*)
│       ├── prometheus_exporter v0.8.5 (*)
│       ├── tendermint-rpc v0.38.1 (*)
│       ├── tungstenite v0.21.0 (*)
│       └── zip v0.5.13 (*)
├── tokio-macros v2.4.0 (proc-macro)
│   └── tokio v1.41.0 (*)
├── tracing-attributes v0.1.27 (proc-macro)
│   └── tracing v0.1.40 (*)
├── wasm-bindgen-backend v0.2.95 (*)
├── wasm-bindgen-macro-support v0.2.95 (*)
├── zerocopy-derive v0.7.35 (proc-macro)
│   └── zerocopy v0.7.35 (*)
└── zeroize_derive v1.4.2 (proc-macro)
    └── zeroize v1.8.1
        ├── bip32 v0.5.2 (*)
        ├── crypto-bigint v0.5.5
        │   └── elliptic-curve v0.13.8 (*)
        ├── curve25519-dalek v4.1.3 (*)
        ├── curve25519-dalek-ng v4.1.1 (*)
        ├── der v0.7.9
        │   ├── ecdsa v0.16.9 (*)
        │   ├── pkcs8 v0.10.2
        │   │   └── elliptic-curve v0.13.8 (*)
        │   ├── sec1 v0.7.3
        │   │   └── elliptic-curve v0.13.8 (*)
        │   └── spki v0.7.3
        │       ├── ecdsa v0.16.9 (*)
        │       └── pkcs8 v0.10.2 (*)
        ├── ed25519-consensus v2.1.0 (*)
        ├── ed25519-dalek v2.1.1 (*)
        ├── elliptic-curve v0.13.8 (*)
        ├── generic-array v0.14.7
        │   ├── block-buffer v0.9.0 (*)
        │   ├── block-buffer v0.10.4 (*)
        │   ├── crypto-bigint v0.5.5 (*)
        │   ├── crypto-common v0.1.6
        │   │   └── digest v0.10.7 (*)
        │   ├── digest v0.9.0 (*)
        │   ├── elliptic-curve v0.13.8 (*)
        │   └── sec1 v0.7.3 (*)
        ├── sec1 v0.7.3 (*)
        ├── subtle-encoding v0.5.1
        │   ├── cosmrs v0.14.0 (*)
        │   ├── cosmrs v0.18.0 (*)
        │   ├── ibc-core-channel-types v0.54.0 (*)
        │   ├── ibc-core-client-context v0.54.0 (*)
        │   ├── ibc-core-client-types v0.54.0 (*)
        │   ├── ibc-core-commitment-types v0.54.0 (*)
        │   ├── ibc-core-connection-types v0.54.0 (*)
        │   ├── ibc-core-handler-types v0.54.0 (*)
        │   ├── ibc-core-host v0.54.0 (*)
        │   ├── ibc-core-host-cosmos v0.54.0 (*)
        │   ├── ibc-core-router v0.54.0 (*)
        │   ├── ibc-core-router-types v0.54.0 (*)
        │   ├── ibc-proto v0.47.1 (*)
        │   ├── tendermint v0.32.2 (*)
        │   ├── tendermint v0.38.1 (*)
        │   ├── tendermint-proto v0.32.2 (*)
        │   ├── tendermint-proto v0.38.1 (*)
        │   └── tendermint-rpc v0.38.1 (*)
        ├── tendermint v0.32.2 (*)
        └── tendermint v0.38.1 (*)

sync_wrapper v0.1.2
├── reqwest v0.11.27 (*)
└── tower v0.5.1 (*)

sync_wrapper v1.0.1
├── axum v0.7.7 (*)
└── axum-core v0.4.5 (*)

tendermint v0.32.2 (*)

tendermint v0.38.1 (*)

tendermint-proto v0.32.2 (*)

tendermint-proto v0.38.1 (*)

time v0.1.45
└── zip v0.5.13 (*)

time v0.2.27 (*)

time v0.3.36
├── ibc-primitives v0.54.0 (*)
├── tendermint v0.32.2 (*)
├── tendermint v0.38.1 (*)
├── tendermint-light-client-verifier v0.38.1 (*)
├── tendermint-proto v0.32.2 (*)
├── tendermint-proto v0.38.1 (*)
├── tendermint-rpc v0.38.1 (*)
└── tiny_http v0.10.0 (*)

time-macros v0.1.1 (*)

time-macros v0.2.18 (proc-macro)
└── time v0.3.36 (*)

toml v0.7.8 (*)

toml v0.8.19 (*)

toml_edit v0.13.4 (*)

toml_edit v0.19.15 (*)

toml_edit v0.22.22 (*)

toml_edit v0.22.22 (*)

tower v0.4.13 (*)

tower v0.5.1 (*)

unicode-bidi v0.3.17
└── idna v0.2.3 (*)

unicode-bidi v0.3.17
└── idna v0.5.0 (*)

unicode-normalization v0.1.24
└── idna v0.2.3 (*)

unicode-normalization v0.1.24
└── idna v0.5.0 (*)

untrusted v0.7.1
├── ring v0.16.20 (*)
├── sct v0.6.1 (*)
└── webpki v0.21.4 (*)

untrusted v0.9.0
├── ring v0.17.8 (*)
├── rustls-webpki v0.101.7 (*)
└── sct v0.7.1 (*)

winnow v0.5.40
└── toml_edit v0.19.15 (*)

winnow v0.6.20
├── toml_edit v0.22.22 (*)
└── toml_edit v0.22.22 (*)
