 Downloading crates ...
  Downloaded allocator-api2 v0.2.18
  Downloaded ahash v0.8.11
  Downloaded proc-macro-error-attr2 v2.0.0
  Downloaded derive-getters v0.3.0
  Downloaded impl-rlp v0.3.0
  Downloaded litrs v0.4.1
  Downloaded futures-utils-wasm v0.1.0
  Downloaded dunce v1.0.5
  Downloaded proc-macro-error2 v2.0.1
  Downloaded rustls-pemfile v2.2.0
  Downloaded rustls-pki-types v1.10.0
  Downloaded strum v0.26.3
  Downloaded pem v3.0.4
  Downloaded pairing v0.23.0
  Downloaded threadpool v1.8.1
  Downloaded strum_macros v0.26.4
  Downloaded visibility v0.1.1
  Downloaded heck v0.5.0
  Downloaded simple_asn1 v0.6.2
  Downloaded ethereum-types v0.14.1
  Downloaded darling_macro v0.13.4
  Downloaded num_enum_derive v0.7.3
  Downloaded hashbrown v0.13.2
  Downloaded document-features v0.2.10
  Downloaded hash32 v0.2.1
  Downloaded stable_deref_trait v1.2.0
  Downloaded lru v0.12.5
  Downloaded hyper-tls v0.6.0
  Downloaded heapless v0.7.17
  Downloaded embedded-io v0.6.1
  Downloaded serdect v0.2.0
  Downloaded num_enum v0.7.3
  Downloaded ethbloom v0.13.0
  Downloaded darling_core v0.13.4
  Downloaded embedded-io v0.4.0
  Downloaded dashmap v6.1.0
  Downloaded darling v0.13.4
  Downloaded alloy-core v0.7.7
  Downloaded alloy-contract v0.3.6
  Downloaded alloy-chains v0.1.42
  Downloaded alloy v0.2.1
  Downloaded alloy-rpc-types v0.3.6
  Downloaded rlp-derive v0.2.0
  Downloaded ethereum_ssz_derive v0.5.4
  Downloaded ethereum_ssz_derive v0.6.0
  Downloaded bls12_381 v0.8.0
  Downloaded cobs v0.2.3
  Downloaded serde_with v3.11.0
  Downloaded zduny-wasm-timer v0.2.8
  Downloaded nybbles v0.2.1
  Downloaded ethereum_ssz v0.5.4
  Downloaded const-crc32 v1.3.0
  Downloaded alloy-sol-macro v0.7.7
  Downloaded alloy-genesis v0.2.1
  Downloaded jsonwebtoken v9.3.0
  Downloaded serde_with_macros v3.11.0
  Downloaded hash256-std-hasher v0.15.2
  Downloaded alloy-provider v0.2.1
  Downloaded trie-db v0.28.0
  Downloaded syn-solidity v0.7.7
  Downloaded alloy-sol-macro-input v0.8.9
  Downloaded ssz_types v0.7.0
  Downloaded tree_hash_derive v0.7.0
  Downloaded alloy-core v0.8.9
  Downloaded alloy-sol-type-parser v0.7.7
  Downloaded superstruct v0.7.0
  Downloaded ethereum_hashing v0.7.0
  Downloaded c-kzg v1.0.3
  Downloaded alloy-transport v0.3.6
  Downloaded alloy-signer-local v0.3.6
  Downloaded alloy-rpc-types-eth v0.3.6
  Downloaded alloy-rpc-types-eth v0.2.1
  Downloaded syn-solidity v0.8.9
  Downloaded alloy-sol-types v0.8.9
  Downloaded alloy-sol-macro-expander v0.8.9
  Downloaded alloy-provider v0.3.6
  Downloaded alloy-dyn-abi v0.8.9
  Downloaded alloy-consensus v0.3.6
  Downloaded alloy-rpc-types-beacon v0.2.1
  Downloaded alloy-json-abi v0.8.9
  Downloaded alloy-rpc-types-anvil v0.3.6
  Downloaded alloy-rpc-client v0.3.6
  Downloaded alloy-rlp-derive v0.3.9
  Downloaded alloy-network-primitives v0.3.6
  Downloaded alloy-consensus v0.2.1
  Downloaded alloy-sol-macro v0.8.9
  Downloaded alloy-rpc-types-engine v0.3.6
  Downloaded alloy-sol-macro-expander v0.7.7
  Downloaded tree_hash v0.7.0
  Downloaded alloy-eips v0.2.1
  Downloaded alloy-sol-type-parser v0.8.9
  Downloaded reqwest v0.12.8
  Downloaded ethereum_ssz v0.6.0
  Downloaded debugless-unwrap v0.0.4
  Downloaded alloy-rpc-client v0.2.1
  Downloaded alloy-network v0.2.1
  Downloaded alloy-json-rpc v0.3.6
  Downloaded hash-db v0.16.0
  Downloaded ethereum-triedb v0.1.1
  Downloaded alloy-trie v0.6.0
  Downloaded alloy-transport-http v0.2.1
  Downloaded alloy-sol-macro-input v0.7.7
  Downloaded alloy-rpc-types v0.2.1
  Downloaded alloy-network v0.3.6
  Downloaded alloy-json-rpc v0.2.1
  Downloaded alloy-dyn-abi v0.7.7
  Downloaded postcard v1.0.10
  Downloaded memory-db v0.32.0
  Downloaded alloy-sol-types v0.7.7
  Downloaded alloy-eip7702 v0.1.1
  Downloaded alloy-transport-http v0.3.6
  Downloaded alloy-transport v0.2.1
  Downloaded alloy-signer v0.3.6
  Downloaded alloy-signer v0.2.1
  Downloaded alloy-serde v0.2.1
  Downloaded alloy-rpc-types-engine v0.2.1
  Downloaded alloy-primitives v0.7.7
  Downloaded alloy-network-primitives v0.2.1
  Downloaded alloy-json-abi v0.7.7
  Downloaded alloy-eip2930 v0.1.0
  Downloaded ethereum_serde_utils v0.6.0
  Downloaded blst v0.3.13
  Downloaded alloy-eips v0.3.6
