audit/run-20260621T1610CDT-phase2-c5486a4/README.md
audit/run-20260621T1610CDT-phase2-c5486a4/models/common.py
audit/run-20260621T1610CDT-phase2-c5486a4/models/cosmos_relay_op_key_temporal_model.py
audit/run-20260621T1610CDT-phase2-c5486a4/models/deposit_outpoint_poison_model.py
audit/run-20260621T1610CDT-phase2-c5486a4/models/frost_stale_iteration_model.py
audit/run-20260621T1610CDT-phase2-c5486a4/models/header_reorg_mutation_model.py
audit/run-20260621T1610CDT-phase2-c5486a4/models/mutation_persistence_model.py
audit/run-20260621T1610CDT-phase2-c5486a4/models/run_all.py
audit/run-20260621T1610CDT-phase2-c5486a4/models/withdrawal_debit_before_validation_model.py
audit/run-20260621T1610CDT-phase2-c5486a4/phase2-executable-invariants.md
audit/run-20260621T1610CDT-phase2-c5486a4/research-log.md
audit/run-20260621T1610CDT-phase2-c5486a4/results/artifact-file-list.err
audit/run-20260621T1610CDT-phase2-c5486a4/results/artifact-file-list.out
audit/run-20260621T1610CDT-phase2-c5486a4/results/git-diff-target-to-head.err
audit/run-20260621T1610CDT-phase2-c5486a4/results/git-diff-target-to-head.out
audit/run-20260621T1610CDT-phase2-c5486a4/results/git-head.err
audit/run-20260621T1610CDT-phase2-c5486a4/results/git-head.out
audit/run-20260621T1610CDT-phase2-c5486a4/results/git-status.err
audit/run-20260621T1610CDT-phase2-c5486a4/results/git-status.out
audit/run-20260621T1610CDT-phase2-c5486a4/results/py-compile.err
audit/run-20260621T1610CDT-phase2-c5486a4/results/py-compile.out
audit/run-20260621T1610CDT-phase2-c5486a4/results/run-all-models.err
audit/run-20260621T1610CDT-phase2-c5486a4/results/run-all-models.out
