audit/run-20260621T0354CDT-c5486a4/audit-package.md
audit/run-20260621T0354CDT-c5486a4/findings/poc-deposit-fee-prevalidation-model.err
audit/run-20260621T0354CDT-c5486a4/findings/poc-deposit-fee-prevalidation-model.out
audit/run-20260621T0354CDT-c5486a4/findings/poc-header-retarget-underflow-model.err
audit/run-20260621T0354CDT-c5486a4/findings/poc-header-retarget-underflow-model.out
audit/run-20260621T0354CDT-c5486a4/findings/poc-legacy-commitment-model.err
audit/run-20260621T0354CDT-c5486a4/findings/poc-legacy-commitment-model.out
audit/run-20260621T0354CDT-c5486a4/findings/poc-threshold-model.err
audit/run-20260621T0354CDT-c5486a4/findings/poc-threshold-model.out
audit/run-20260621T0354CDT-c5486a4/notes/cargo-audit.err
audit/run-20260621T0354CDT-c5486a4/notes/cargo-audit.out
audit/run-20260621T0354CDT-c5486a4/notes/cargo-deny.err
audit/run-20260621T0354CDT-c5486a4/notes/cargo-deny.out
audit/run-20260621T0354CDT-c5486a4/notes/cargo-geiger.err
audit/run-20260621T0354CDT-c5486a4/notes/cargo-geiger.out
audit/run-20260621T0354CDT-c5486a4/notes/rg-arithmetic-casts.err
audit/run-20260621T0354CDT-c5486a4/notes/rg-arithmetic-casts.out
audit/run-20260621T0354CDT-c5486a4/notes/rg-nondeterminism.err
audit/run-20260621T0354CDT-c5486a4/notes/rg-nondeterminism.out
audit/run-20260621T0354CDT-c5486a4/notes/rg-panic-unwrap.err
audit/run-20260621T0354CDT-c5486a4/notes/rg-panic-unwrap.out
audit/run-20260621T0354CDT-c5486a4/notes/rg-unsafe.err
audit/run-20260621T0354CDT-c5486a4/notes/rg-unsafe.out
audit/run-20260621T0354CDT-c5486a4/notes/tool-availability.err
audit/run-20260621T0354CDT-c5486a4/notes/tool-availability.out
audit/run-20260621T0354CDT-c5486a4/phase0/build-scripts-find.err
audit/run-20260621T0354CDT-c5486a4/phase0/build-scripts-find.out
audit/run-20260621T0354CDT-c5486a4/phase0/cargo-features-jq.err
audit/run-20260621T0354CDT-c5486a4/phase0/cargo-features-jq.out
audit/run-20260621T0354CDT-c5486a4/phase0/cargo-metadata.err
audit/run-20260621T0354CDT-c5486a4/phase0/cargo-metadata.out
audit/run-20260621T0354CDT-c5486a4/phase0/cargo-tree-all-features.err
audit/run-20260621T0354CDT-c5486a4/phase0/cargo-tree-all-features.out
audit/run-20260621T0354CDT-c5486a4/phase0/cargo-tree-duplicates.err
audit/run-20260621T0354CDT-c5486a4/phase0/cargo-tree-duplicates.out
audit/run-20260621T0354CDT-c5486a4/phase0/cargo-version.err
audit/run-20260621T0354CDT-c5486a4/phase0/cargo-version.out
audit/run-20260621T0354CDT-c5486a4/phase0/cfg-feature-branches.err
audit/run-20260621T0354CDT-c5486a4/phase0/cfg-feature-branches.out
audit/run-20260621T0354CDT-c5486a4/phase0/git-dependencies-lock.err
audit/run-20260621T0354CDT-c5486a4/phase0/git-dependencies-lock.out
audit/run-20260621T0354CDT-c5486a4/phase0/git-rev-parse.err
audit/run-20260621T0354CDT-c5486a4/phase0/git-rev-parse.out
audit/run-20260621T0354CDT-c5486a4/phase0/git-status.err
audit/run-20260621T0354CDT-c5486a4/phase0/git-status.out
audit/run-20260621T0354CDT-c5486a4/phase0/lockfile-git-packages.err
audit/run-20260621T0354CDT-c5486a4/phase0/lockfile-git-packages.out
audit/run-20260621T0354CDT-c5486a4/phase0/patch-crates-rg.err
audit/run-20260621T0354CDT-c5486a4/phase0/patch-crates-rg.out
audit/run-20260621T0354CDT-c5486a4/phase0/profiles-rg.err
audit/run-20260621T0354CDT-c5486a4/phase0/profiles-rg.out
audit/run-20260621T0354CDT-c5486a4/phase0/rustc-version.err
audit/run-20260621T0354CDT-c5486a4/phase0/rustc-version.out
audit/run-20260621T0354CDT-c5486a4/phase0/workspace-members-jq.err
audit/run-20260621T0354CDT-c5486a4/phase0/workspace-members-jq.out
audit/run-20260621T0354CDT-c5486a4/poc_deposit_fee_prevalidation_model.py
audit/run-20260621T0354CDT-c5486a4/poc_header_retarget_underflow_model.py
audit/run-20260621T0354CDT-c5486a4/poc_legacy_commitment_model.py
audit/run-20260621T0354CDT-c5486a4/poc_threshold_model.py
audit/run-20260621T0354CDT-c5486a4/research-log.md
audit/run-20260621T0354CDT-c5486a4/tests/cargo-check-lib-default.err
audit/run-20260621T0354CDT-c5486a4/tests/cargo-check-lib-default.out
audit/run-20260621T0354CDT-c5486a4/tests/cargo-check-lib-devnet.err
audit/run-20260621T0354CDT-c5486a4/tests/cargo-check-lib-devnet.out
audit/run-20260621T0354CDT-c5486a4/tests/cargo-check-lib-mainnet-equivalent.err
audit/run-20260621T0354CDT-c5486a4/tests/cargo-check-lib-mainnet-equivalent.out
audit/run-20260621T0354CDT-c5486a4/tests/cargo-check-lib-minimal-csv.err
audit/run-20260621T0354CDT-c5486a4/tests/cargo-check-lib-minimal-csv.out
audit/run-20260621T0354CDT-c5486a4/tests/cargo-check-lib-no-default.err
audit/run-20260621T0354CDT-c5486a4/tests/cargo-check-lib-no-default.out
audit/run-20260621T0354CDT-c5486a4/tests/cargo-fmt-check.err
audit/run-20260621T0354CDT-c5486a4/tests/cargo-fmt-check.out
audit/run-20260621T0354CDT-c5486a4/tests/cargo-test-all-features-no-run.err
audit/run-20260621T0354CDT-c5486a4/tests/cargo-test-all-features-no-run.out
audit/run-20260621T0354CDT-c5486a4/tests/cargo-test-default-no-run.err
audit/run-20260621T0354CDT-c5486a4/tests/cargo-test-default-no-run.out
audit/run-20260621T0354CDT-c5486a4/tests/cargo-test-no-default-no-run.err
audit/run-20260621T0354CDT-c5486a4/tests/cargo-test-no-default-no-run.out
audit/run-20260621T1244CDT-phase1-c5486a4/notes/source-anchors.md
audit/run-20260621T1244CDT-phase1-c5486a4/phase1-architecture-trust-map.md
audit/run-20260621T1244CDT-phase1-c5486a4/research-log.md
