{
  "models": [
    {
      "model": "mutation_persistence_model.py",
      "returncode": 0,
      "stdout": "{\n  \"assertions\": [\n    \"failed source-order DeliverTx committed counter = 1\",\n    \"transactional control rolled counter back to 0\"\n  ],\n  \"source_refs\": [\n    \"orga/src/abci/node.rs:482-486\",\n    \"orga/src/abci/node.rs:558-590\"\n  ],\n  \"title\": \"P1-001 failed-call persistence model\",\n  \"trace\": {\n    \"initial\": {\n      \"counter\": 0,\n      \"events\": []\n    },\n    \"source_order_committed_state\": {\n      \"counter\": 1,\n      \"events\": [\n        \"mutated-before-error\"\n      ]\n    },\n    \"source_order_result\": {\n      \"code\": 1,\n      \"log\": \"inner call returned Err after mutation\"\n    },\n    \"transactional_control_result\": {\n      \"code\": 1,\n      \"log\": \"inner call returned Err after mutation\"\n    },\n    \"transactional_control_state\": {\n      \"counter\": 0,\n      \"events\": []\n    }\n  }\n}\n",
      "stderr": ""
    },
    {
      "model": "header_reorg_mutation_model.py",
      "returncode": 0,
      "stdout": "{\n  \"assertions\": [\n    \"failed source-order reorg persisted alt tip\",\n    \"current_work remained inflated relative to actual queued work\",\n    \"transactional control preserved original queue\"\n  ],\n  \"source_refs\": [\n    \"src/bitcoin/header_queue.rs:455\",\n    \"src/bitcoin/header_queue.rs:458-463\",\n    \"src/bitcoin/header_queue.rs:522-525\",\n    \"src/bitcoin/header_queue.rs:620-632\"\n  ],\n  \"title\": \"P1-002 header reorg mutation-before-validation model\",\n  \"trace\": {\n    \"initial_queue\": {\n      \"actual_work_from_queue\": 60,\n      \"current_work\": 60,\n      \"hashes\": [\n        \"h0\",\n        \"h1\",\n        \"h2\",\n        \"h3\",\n        \"h4\",\n        \"h5\"\n      ],\n      \"heights\": [\n        0,\n        1,\n        2,\n        3,\n        4,\n        5\n      ],\n      \"tip\": \"h5\"\n    },\n    \"replacement_headers\": [\n      {\n        \"block_hash\": \"alt4\",\n        \"height\": 4,\n        \"prev_hash\": \"h3\",\n        \"valid\": true,\n        \"work\": 1\n      },\n      {\n        \"block_hash\": \"alt5\",\n        \"height\": 5,\n        \"prev_hash\": \"alt4\",\n        \"valid\": true,\n        \"work\": 1\n      }\n    ],\n    \"source_order_committed_queue\": {\n      \"actual_work_from_queue\": 42,\n      \"current_work\": 62,\n      \"hashes\": [\n        \"h0\",\n        \"h1\",\n        \"h2\",\n        \"h3\",\n        \"alt4\",\n        \"alt5\"\n      ],\n      \"heights\": [\n        0,\n        1,\n        2,\n        3,\n        4,\n        5\n      ],\n      \"tip\": \"alt5\"\n    },\n    \"source_order_result\": {\n      \"code\": 1,\n      \"log\": \"New best chain must include more work than old best chain\"\n    },\n    \"transactional_control_queue\": {\n      \"actual_work_from_queue\": 60,\n      \"current_work\": 60,\n      \"hashes\": [\n        \"h0\",\n        \"h1\",\n        \"h2\",\n        \"h3\",\n        \"h4\",\n        \"h5\"\n      ],\n      \"heights\": [\n        0,\n        1,\n        2,\n        3,\n        4,\n        5\n      ],\n      \"tip\": \"h5\"\n    },\n    \"transactional_control_result\": {\n      \"code\": 1,\n      \"log\": \"New best chain must include more work than old best chain\"\n    }\n  }\n}\n",
      "stderr": ""
    },
    {
      "model": "deposit_outpoint_poison_model.py",
      "returncode": 0,
      "stdout": "{\n  \"assertions\": [\n    \"failed disabled-deposit relay persisted processed outpoint\",\n    \"later enabled retry was blocked as already relayed\",\n    \"transactional control allowed retry to succeed\"\n  ],\n  \"source_refs\": [\n    \"src/bitcoin/mod.rs:606-613\",\n    \"src/bitcoin/mod.rs:615-619\"\n  ],\n  \"title\": \"P1-003 deposit outpoint poisoning model\",\n  \"trace\": {\n    \"source_order_committed_state\": {\n      \"checkpoint_inputs\": [],\n      \"events\": [\n        \"processed-outpoint-inserted\"\n      ],\n      \"processed_outpoints\": [\n        \"txid:0\"\n      ]\n    },\n    \"source_order_disabled_result\": {\n      \"code\": 1,\n      \"log\": \"Deposits are disabled for the given checkpoint\"\n    },\n    \"source_order_retry_result\": {\n      \"code\": 1,\n      \"log\": \"Output has already been relayed\"\n    },\n    \"transactional_disabled_result\": {\n      \"code\": 1,\n      \"log\": \"Deposits are disabled for the given checkpoint\"\n    },\n    \"transactional_retry_result\": {\n      \"code\": 0,\n      \"log\": \"ok\"\n    },\n    \"transactional_state\": {\n      \"checkpoint_inputs\": [\n        \"txid:0\"\n      ],\n      \"events\": [\n        \"processed-outpoint-inserted\",\n        \"checkpoint-input-added\"\n      ],\n      \"processed_outpoints\": [\n        \"txid:0\"\n      ]\n    }\n  }\n}\n",
      "stderr": ""
    },
    {
      "model": "withdrawal_debit_before_validation_model.py",
      "returncode": 0,
      "stdout": "{\n  \"assertions\": [\n    \"failed invalid withdrawal persisted account debit\",\n    \"transactional control preserved account balance\"\n  ],\n  \"source_refs\": [\n    \"src/bitcoin/mod.rs:740-751\",\n    \"src/bitcoin/mod.rs:762-813\"\n  ],\n  \"title\": \"P1-004 withdrawal debit-before-validation model\",\n  \"trace\": {\n    \"source_order_committed_state\": {\n      \"accounts\": {\n        \"nomic1alice\": 60\n      },\n      \"checkpoint_outputs\": [],\n      \"events\": [\n        \"debited:40\"\n      ]\n    },\n    \"source_order_result\": {\n      \"code\": 1,\n      \"log\": \"Script exceeds maximum length\"\n    },\n    \"transactional_control_result\": {\n      \"code\": 1,\n      \"log\": \"Script exceeds maximum length\"\n    },\n    \"transactional_control_state\": {\n      \"accounts\": {\n        \"nomic1alice\": 100\n      },\n      \"checkpoint_outputs\": [],\n      \"events\": []\n    }\n  }\n}\n",
      "stderr": ""
    },
    {
      "model": "frost_stale_iteration_model.py",
      "returncode": 0,
      "stdout": "{\n  \"assertions\": [\n    \"stale shares from iteration 0 reached Complete during iteration 1\",\n    \"aggregate failed because current iteration shares were absent\",\n    \"persisted Complete state blocked later current-iteration shares\",\n    \"transactional control allowed current shares after stale failure rolled back\"\n  ],\n  \"source_refs\": [\n    \"src/frost/signing.rs:65-70\",\n    \"src/frost/signing.rs:101-123\",\n    \"src/frost/signing.rs:128-151\",\n    \"src/frost/signing.rs:196-205\"\n  ],\n  \"title\": \"P1-005 FROST stale-iteration share poisoning model\",\n  \"trace\": {\n    \"prepared_signing\": {\n      \"commitments\": [\n        \"0:1\",\n        \"0:2\",\n        \"1:3\",\n        \"1:4\"\n      ],\n      \"commitments_len\": 2,\n      \"iteration\": 1,\n      \"sig_shares\": [],\n      \"sig_shares_len\": 0,\n      \"signature\": null,\n      \"signing_package\": \"package-for-iteration-1\",\n      \"state\": \"Round2\"\n    },\n    \"source_order_after_retry\": {\n      \"commitments\": [\n        \"0:1\",\n        \"0:2\",\n        \"1:3\",\n        \"1:4\"\n      ],\n      \"commitments_len\": 2,\n      \"iteration\": 1,\n      \"sig_shares\": [\n        \"0:1\",\n        \"0:2\"\n      ],\n      \"sig_shares_len\": 2,\n      \"signature\": null,\n      \"signing_package\": \"package-for-iteration-1\",\n      \"state\": \"Complete\"\n    },\n    \"source_order_after_stale\": {\n      \"commitments\": [\n        \"0:1\",\n        \"0:2\",\n        \"1:3\",\n        \"1:4\"\n      ],\n      \"commitments_len\": 2,\n      \"iteration\": 1,\n      \"sig_shares\": [\n        \"0:1\",\n        \"0:2\"\n      ],\n      \"sig_shares_len\": 2,\n      \"signature\": null,\n      \"signing_package\": \"package-for-iteration-1\",\n      \"state\": \"Complete\"\n    },\n    \"source_order_current_retry\": {\n      \"code\": 1,\n      \"log\": \"Not in round 2\"\n    },\n    \"source_order_stale_result\": {\n      \"code\": 1,\n      \"log\": \"Failed to aggregate signature: insufficient current iteration shares\"\n    },\n    \"transactional_current_retry\": {\n      \"code\": 0,\n      \"log\": \"ok\"\n    },\n    \"transactional_final\": {\n      \"commitments\": [\n        \"0:1\",\n        \"0:2\",\n        \"1:3\",\n        \"1:4\"\n      ],\n      \"commitments_len\": 2,\n      \"iteration\": 1,\n      \"sig_shares\": [\n        \"1:3\",\n        \"1:4\"\n      ],\n      \"sig_shares_len\": 2,\n      \"signature\": \"aggregate-signature\",\n      \"signing_package\": \"package-for-iteration-1\",\n      \"state\": \"Complete\"\n    },\n    \"transactional_stale_result\": {\n      \"code\": 1,\n      \"log\": \"Failed to aggregate signature: insufficient current iteration shares\"\n    }\n  }\n}\n",
      "stderr": ""
    },
    {
      "model": "cosmos_relay_op_key_temporal_model.py",
      "returncode": 0,
      "stdout": "{\n  \"assertions\": [\n    \"model accepted proof_height 10 while checking validator membership at height 20\",\n    \"model accepted a non-secp256k1 type_url because type_url is not in the source acceptance condition\"\n  ],\n  \"source_refs\": [\n    \"src/cosmos.rs:151-176\",\n    \"src/cosmos.rs:195-203\"\n  ],\n  \"title\": \"P1-006 relay_op_key temporal/type-url validation model\",\n  \"trace\": {\n    \"accepted_mapping\": {\n      \"accepted_any_type_url\": \"/cosmos.crypto.ed25519.PubKey\",\n      \"membership_checked_height\": 20,\n      \"op_key\": \"secp256k1-op-key-bytes\",\n      \"proof_height\": 10\n    },\n    \"result\": {\n      \"code\": 0,\n      \"log\": \"ok\"\n    },\n    \"temporal_consistency_invariant\": \"membership_checked_height == proof_height\",\n    \"type_url_invariant\": \"Any.type_url must match decoded key type\"\n  }\n}\n",
      "stderr": ""
    }
  ],
  "failed": []
}
